Archive member included to satisfy reference by file (symbol)

/usr/lib/gcc/arm-none-eabi/13.2.1/thumb/v6-m/nofp/libgcc.a(_dvmd_tls.o)
                              CMakeFiles/joystick_mood_selector.dir/opt/pico-sdk/src/rp2_common/pico_divider/divider_hardware.S.o (__aeabi_idiv0)
/usr/lib/gcc/arm-none-eabi/13.2.1/../../../arm-none-eabi/lib/thumb/v6-m/nofp/libg.a(libc_a-calloc.o)
                              CMakeFiles/joystick_mood_selector.dir/opt/pico-sdk/src/rp2_common/pico_malloc/malloc.c.o (calloc)
/usr/lib/gcc/arm-none-eabi/13.2.1/../../../arm-none-eabi/lib/thumb/v6-m/nofp/libg.a(libc_a-impure.o)
                              /usr/lib/gcc/arm-none-eabi/13.2.1/../../../arm-none-eabi/lib/thumb/v6-m/nofp/libg.a(libc_a-calloc.o) (_impure_ptr)
/usr/lib/gcc/arm-none-eabi/13.2.1/../../../arm-none-eabi/lib/thumb/v6-m/nofp/libg.a(libc_a-callocr.o)
                              /usr/lib/gcc/arm-none-eabi/13.2.1/../../../arm-none-eabi/lib/thumb/v6-m/nofp/libg.a(libc_a-calloc.o) (_calloc_r)
/usr/lib/gcc/arm-none-eabi/13.2.1/../../../arm-none-eabi/lib/thumb/v6-m/nofp/libg.a(libc_a-realloc.o)
                              CMakeFiles/joystick_mood_selector.dir/opt/pico-sdk/src/rp2_common/pico_malloc/malloc.c.o (realloc)
/usr/lib/gcc/arm-none-eabi/13.2.1/../../../arm-none-eabi/lib/thumb/v6-m/nofp/libg.a(libc_a-mallocr.o)
                              /usr/lib/gcc/arm-none-eabi/13.2.1/../../../arm-none-eabi/lib/thumb/v6-m/nofp/libg.a(libc_a-callocr.o) (_malloc_r)
/usr/lib/gcc/arm-none-eabi/13.2.1/../../../arm-none-eabi/lib/thumb/v6-m/nofp/libg.a(libc_a-freer.o)
                              /usr/lib/gcc/arm-none-eabi/13.2.1/../../../arm-none-eabi/lib/thumb/v6-m/nofp/libg.a(libc_a-mallocr.o) (_free_r)
/usr/lib/gcc/arm-none-eabi/13.2.1/../../../arm-none-eabi/lib/thumb/v6-m/nofp/libg.a(libc_a-memcmp.o)
                              CMakeFiles/joystick_mood_selector.dir/opt/pico-sdk/src/rp2_common/pico_atomic/atomic.c.o (memcmp)
/usr/lib/gcc/arm-none-eabi/13.2.1/../../../arm-none-eabi/lib/thumb/v6-m/nofp/libg.a(libc_a-atoi.o)
                              CMakeFiles/joystick_mood_selector.dir/main.c.o (atoi)
/usr/lib/gcc/arm-none-eabi/13.2.1/../../../arm-none-eabi/lib/thumb/v6-m/nofp/libg.a(libc_a-strtol.o)
                              /usr/lib/gcc/arm-none-eabi/13.2.1/../../../arm-none-eabi/lib/thumb/v6-m/nofp/libg.a(libc_a-atoi.o) (_strtol_r)
/usr/lib/gcc/arm-none-eabi/13.2.1/../../../arm-none-eabi/lib/thumb/v6-m/nofp/libg.a(libc_a-malloc.o)
                              CMakeFiles/joystick_mood_selector.dir/opt/pico-sdk/src/rp2_common/pico_malloc/malloc.c.o (malloc)
/usr/lib/gcc/arm-none-eabi/13.2.1/../../../arm-none-eabi/lib/thumb/v6-m/nofp/libg.a(libc_a-sysconf.o)
                              /usr/lib/gcc/arm-none-eabi/13.2.1/../../../arm-none-eabi/lib/thumb/v6-m/nofp/libg.a(libc_a-mallocr.o) (sysconf)
/usr/lib/gcc/arm-none-eabi/13.2.1/../../../arm-none-eabi/lib/thumb/v6-m/nofp/libg.a(libc_a-init.o)
                              /usr/lib/gcc/arm-none-eabi/13.2.1/../../../arm-none-eabi/lib/thumb/v6-m/nofp/crt0.o (__libc_init_array)
/usr/lib/gcc/arm-none-eabi/13.2.1/../../../arm-none-eabi/lib/thumb/v6-m/nofp/libg.a(libc_a-reallocr.o)
                              /usr/lib/gcc/arm-none-eabi/13.2.1/../../../arm-none-eabi/lib/thumb/v6-m/nofp/libg.a(libc_a-realloc.o) (_realloc_r)
/usr/lib/gcc/arm-none-eabi/13.2.1/../../../arm-none-eabi/lib/thumb/v6-m/nofp/libg.a(libc_a-mktime.o)
                              CMakeFiles/joystick_mood_selector.dir/opt/pico-sdk/src/common/pico_util/datetime.c.o (mktime)
/usr/lib/gcc/arm-none-eabi/13.2.1/../../../arm-none-eabi/lib/thumb/v6-m/nofp/libg.a(libc_a-mlock.o)
                              /usr/lib/gcc/arm-none-eabi/13.2.1/../../../arm-none-eabi/lib/thumb/v6-m/nofp/libg.a(libc_a-mallocr.o) (__malloc_lock)
/usr/lib/gcc/arm-none-eabi/13.2.1/../../../arm-none-eabi/lib/thumb/v6-m/nofp/libg.a(libc_a-findfp.o)
                              /usr/lib/gcc/arm-none-eabi/13.2.1/../../../arm-none-eabi/lib/thumb/v6-m/nofp/libg.a(libc_a-impure.o) (__sf)
/usr/lib/gcc/arm-none-eabi/13.2.1/../../../arm-none-eabi/lib/thumb/v6-m/nofp/libg.a(libc_a-tzlock.o)
                              /usr/lib/gcc/arm-none-eabi/13.2.1/../../../arm-none-eabi/lib/thumb/v6-m/nofp/libg.a(libc_a-mktime.o) (__tz_lock)
/usr/lib/gcc/arm-none-eabi/13.2.1/../../../arm-none-eabi/lib/thumb/v6-m/nofp/libg.a(libc_a-ctype_.o)
                              /usr/lib/gcc/arm-none-eabi/13.2.1/../../../arm-none-eabi/lib/thumb/v6-m/nofp/libg.a(libc_a-strtol.o) (_ctype_)
/usr/lib/gcc/arm-none-eabi/13.2.1/../../../arm-none-eabi/lib/thumb/v6-m/nofp/libg.a(libc_a-atexit.o)
                              /usr/lib/gcc/arm-none-eabi/13.2.1/../../../arm-none-eabi/lib/thumb/v6-m/nofp/crt0.o (atexit)
/usr/lib/gcc/arm-none-eabi/13.2.1/../../../arm-none-eabi/lib/thumb/v6-m/nofp/libg.a(libc_a-lcltime_r.o)
                              CMakeFiles/joystick_mood_selector.dir/opt/pico-sdk/src/common/pico_util/datetime.c.o (localtime_r)
[...]
Memory Configuration

Name             Origin             Length             Attributes
FLASH            0x10000000         0x00200000         xr
RAM              0x20000000         0x00040000         xrw
SCRATCH_X        0x20040000         0x00001000         xrw
SCRATCH_Y        0x20041000         0x00001000         xrw
*default*        0x00000000         0xffffffff

Linker script and memory map

LOAD /usr/lib/gcc/arm-none-eabi/13.2.1/thumb/v6-m/nofp/crti.o
LOAD /usr/lib/gcc/arm-none-eabi/13.2.1/thumb/v6-m/nofp/crtbegin.o
LOAD /usr/lib/gcc/arm-none-eabi/13.2.1/../../../arm-none-eabi/lib/thumb/v6-m/nofp/crt0.o

.flash_begin    0x10000000        0x0
                0x10000000                        __flash_binary_start = .

.boot2          0x10000000      0x100
                0x10000000                        __boot2_start__ = .
 *(.boot2)
 .boot2         0x10000000      0x100 pico-sdk/src/rp2040/boot_stage2/CMakeFiles/bs2_default_library.dir/./bs2_default_padded_checksummed.S.o
                0x10000100                        __boot2_end__ = .
                0x00000001                        ASSERT (((__boot2_end__ - __boot2_start__) == 0x100), ERROR: Pico second stage bootloader must be 256 bytes in size)

.text           0x10000100     0xeee0
                0x10000100                        __logical_binary_start = .
 *(.vectors)
 .vectors       0x10000100       0xd4 CMakeFiles/joystick_mood_selector.dir/opt/pico-sdk/src/rp2_common/pico_crt0/crt0.S.o
                0x10000100                __vectors
                0x10000100                __VECTOR_TABLE
                0x100001c0                isr_irq30
                0x100001c0                __unhandled_user_irq
                0x100001c0                isr_irq13
                0x100001c0                isr_irq27
                0x100001c0                isr_irq31
                0x100001c0                isr_irq5
                0x100001c0                isr_irq11
                0x100001c0                isr_irq23
                0x100001c0                isr_irq18
                0x100001c0                isr_irq28
                0x100001c0                isr_irq19
                0x100001c0                isr_irq0
                0x100001c0                isr_irq6
                0x100001c0                isr_irq22
                0x100001c0                isr_irq17
                0x100001c0                isr_irq14
                0x100001c0                __vectors_end
                0x100001c0                __default_isrs_start
                0x100001c0                isr_irq2
                0x100001c0                isr_irq10
                0x100001c0                isr_irq8
                0x100001c0                isr_irq24
                0x100001c0                isr_irq1
                0x100001c0                isr_irq7
                0x100001c0                isr_irq21
                0x100001c0                isr_irq20
                0x100001c0                isr_irq15
                0x100001c0                isr_irq25
                0x100001c0                isr_irq4
                0x100001c0                isr_irq16
                0x100001c0                isr_irq29
                0x100001c0                isr_irq26
                0x100001c0                isr_irq3
                0x100001c0                isr_irq12
                0x100001c0                isr_irq9
                0x100001c6                unhandled_user_irq_num_in_r0
                0x100001c8                isr_invalid
                0x100001ca                isr_nmi
                0x100001cc                isr_hardfault
                0x100001ce                isr_svcall
                0x100001d0                isr_pendsv
                0x100001d2                isr_systick
                0x100001d4                __default_isrs_end
 *(.binary_info_header)
 .binary_info_header
                0x100001d4       0x14 CMakeFiles/joystick_mood_selector.dir/opt/pico-sdk/src/rp2_common/pico_crt0/crt0.S.o
                0x100001e8                        __binary_info_header_end = .
 *(.embedded_block)
                0x100001e8                        __embedded_block_end = .
 *(.reset)
 .reset         0x100001e8       0x9c CMakeFiles/joystick_mood_selector.dir/opt/pico-sdk/src/rp2_common/pico_crt0/crt0.S.o
                0x100001e8                _entry_point
 *(.init)
 .init          0x10000284        0x4 /usr/lib/gcc/arm-none-eabi/13.2.1/thumb/v6-m/nofp/crti.o
                0x10000284                _init
 *(EXCLUDE_FILE(*libm.a: *libc.a:*lib_a-mem*.o *libgcc.a:) .text*)
 .text          0x10000288       0x98 /usr/lib/gcc/arm-none-eabi/13.2.1/thumb/v6-m/nofp/crtbegin.o
 .text.px_clr_off
                0x10000320       0x84 CMakeFiles/joystick_mood_selector.dir/main.c.o
 .text.print_help
                0x100003a4      0x128 CMakeFiles/joystick_mood_selector.dir/main.c.o
 .text.pick_quote_for_mood
                0x100004cc       0x6c CMakeFiles/joystick_mood_selector.dir/main.c.o
 .text.draw_text
                0x10000538      0x4ac CMakeFiles/joystick_mood_selector.dir/main.c.o
 .text.px_set_off
                0x100009e4       0x84 CMakeFiles/joystick_mood_selector.dir/main.c.o
 .text.fill_circle.constprop.1
                0x10000a68      0x810 CMakeFiles/joystick_mood_selector.dir/main.c.o
 .text.fill_circle.constprop.0
                0x10001278      0x7e0 CMakeFiles/joystick_mood_selector.dir/main.c.o
 .text.startup.main
                0x10001a58     0x5c78 CMakeFiles/joystick_mood_selector.dir/main.c.o
                0x10001a58                main
 .text.DEV_Digital_Write
                0x100076d0       0x14 CMakeFiles/joystick_mood_selector.dir/lib/Config/DEV_Config.c.o
                0x100076d0                DEV_Digital_Write
 .text.DEV_Digital_Read
                0x100076e4       0x14 CMakeFiles/joystick_mood_selector.dir/lib/Config/DEV_Config.c.o
                0x100076e4                DEV_Digital_Read
 .text.DEV_SPI_WriteByte
                0x100076f8       0x1c CMakeFiles/joystick_mood_selector.dir/lib/Config/DEV_Config.c.o
                0x100076f8                DEV_SPI_WriteByte
 .text.DEV_Delay_ms
                0x10007714        0x8 CMakeFiles/joystick_mood_selector.dir/lib/Config/DEV_Config.c.o
                0x10007714                DEV_Delay_ms
 .text.DEV_GPIO_Init
                0x1000771c       0x94 CMakeFiles/joystick_mood_selector.dir/lib/Config/DEV_Config.c.o
                0x1000771c                DEV_GPIO_Init
 .text.DEV_Module_Init
                0x100077b0       0x44 CMakeFiles/joystick_mood_selector.dir/lib/Config/DEV_Config.c.o
                0x100077b0                DEV_Module_Init
 .text.EPD_2IN13_V3_LUT_by_host
                0x100077f4      0x1d8 CMakeFiles/joystick_mood_selector.dir/lib/e-Paper/EPD_2in13_V3.c.o
 .text.EPD_2in13_V3_Init
                0x100079cc      0x3cc CMakeFiles/joystick_mood_selector.dir/lib/e-Paper/EPD_2in13_V3.c.o
                0x100079cc                EPD_2in13_V3_Init
 .text.EPD_2in13_V3_Clear
                0x10007d98       0xd8 CMakeFiles/joystick_mood_selector.dir/lib/e-Paper/EPD_2in13_V3.c.o
                0x10007d98                EPD_2in13_V3_Clear
 .text.EPD_2in13_V3_Display
                0x10007e70       0xf4 CMakeFiles/joystick_mood_selector.dir/lib/e-Paper/EPD_2in13_V3.c.o
                0x10007e70                EPD_2in13_V3_Display
 .text.EPD_2in13_V3_Display_Partial
                0x10007f64      0x4dc CMakeFiles/joystick_mood_selector.dir/lib/e-Paper/EPD_2in13_V3.c.o
                0x10007f64                EPD_2in13_V3_Display_Partial
 .text.gpio_set_function
                0x10008440       0x34 CMakeFiles/joystick_mood_selector.dir/opt/pico-sdk/src/rp2_common/hardware_gpio/gpio.c.o
                0x10008440                gpio_set_function
 .text.gpio_set_pulls
                0x10008474       0x28 CMakeFiles/joystick_mood_selector.dir/opt/pico-sdk/src/rp2_common/hardware_gpio/gpio.c.o
                0x10008474                gpio_set_pulls
 .text.gpio_set_input_enabled
                0x1000849c       0x28 CMakeFiles/joystick_mood_selector.dir/opt/pico-sdk/src/rp2_common/hardware_gpio/gpio.c.o
                0x1000849c                gpio_set_input_enabled
 .text.gpio_init
                0x100084c4       0x40 CMakeFiles/joystick_mood_selector.dir/opt/pico-sdk/src/rp2_common/hardware_gpio/gpio.c.o
                0x100084c4                gpio_init
 .text.rp2040_chip_version
                0x10008504        0xc CMakeFiles/joystick_mood_selector.dir/opt/pico-sdk/src/rp2040/pico_platform/platform.c.o
                0x10008504                rp2040_chip_version
 .text.panic    0x10008510       0x30 CMakeFiles/joystick_mood_selector.dir/opt/pico-sdk/src/rp2_common/pico_platform_panic/panic.c.o
                0x10008510                panic
 .text.hw_claim_or_assert
                0x10008540       0x44 CMakeFiles/joystick_mood_selector.dir/opt/pico-sdk/src/common/hardware_claim/claim.c.o
                0x10008540                hw_claim_or_assert
 .text.hw_claim_unused_from_range
                0x10008584       0x9c CMakeFiles/joystick_mood_selector.dir/opt/pico-sdk/src/common/hardware_claim/claim.c.o
                0x10008584                hw_claim_unused_from_range
 .text.next_striped_spin_lock_num
                0x10008620       0x18 CMakeFiles/joystick_mood_selector.dir/opt/pico-sdk/src/rp2_common/hardware_sync/sync.c.o
                0x10008620                next_striped_spin_lock_num
 .text.spin_lock_claim_unused
                0x10008638       0x24 CMakeFiles/joystick_mood_selector.dir/opt/pico-sdk/src/rp2_common/hardware_sync/sync.c.o
                0x10008638                spin_lock_claim_unused
 .text.spin_locks_reset
                0x1000865c       0x1c CMakeFiles/joystick_mood_selector.dir/opt/pico-sdk/src/rp2_common/hardware_sync_spin_lock/sync_spin_lock.c.o
                0x1000865c                spin_locks_reset
 .text.runtime_init_per_core_irq_priorities
                0x10008678       0x24 CMakeFiles/joystick_mood_selector.dir/opt/pico-sdk/src/rp2_common/hardware_irq/irq.c.o
                0x10008678                runtime_init_per_core_irq_priorities
 .text.irq_set_enabled
                0x1000869c       0x24 CMakeFiles/joystick_mood_selector.dir/opt/pico-sdk/src/rp2_common/hardware_irq/irq.c.o
                0x1000869c                irq_set_enabled
 .text.irq_is_enabled
                0x100086c0       0x18 CMakeFiles/joystick_mood_selector.dir/opt/pico-sdk/src/rp2_common/hardware_irq/irq.c.o
                0x100086c0                irq_is_enabled
 .text.irq_set_pending
                0x100086d8       0x10 CMakeFiles/joystick_mood_selector.dir/opt/pico-sdk/src/rp2_common/hardware_irq/irq.c.o
                0x100086d8                irq_set_pending
 .text.irq_has_shared_handler
                0x100086e8       0x24 CMakeFiles/joystick_mood_selector.dir/opt/pico-sdk/src/rp2_common/hardware_irq/irq.c.o
                0x100086e8                irq_has_shared_handler
 .text.irq_set_exclusive_handler
                0x1000870c       0x54 CMakeFiles/joystick_mood_selector.dir/opt/pico-sdk/src/rp2_common/hardware_irq/irq.c.o
                0x1000870c                irq_set_exclusive_handler
 .text.irq_add_shared_handler
                0x10008760      0x1f4 CMakeFiles/joystick_mood_selector.dir/opt/pico-sdk/src/rp2_common/hardware_irq/irq.c.o
                0x10008760                irq_add_shared_handler
 .text.irq_add_tail_to_free_list
                0x10008954       0xb4 CMakeFiles/joystick_mood_selector.dir/opt/pico-sdk/src/rp2_common/hardware_irq/irq.c.o
                0x10008954                irq_add_tail_to_free_list
 .text.user_irq_claim_unused
                0x10008a08       0x2c CMakeFiles/joystick_mood_selector.dir/opt/pico-sdk/src/rp2_common/hardware_irq/irq.c.o
                0x10008a08                user_irq_claim_unused
 .text.lock_init
                0x10008a34       0x10 CMakeFiles/joystick_mood_selector.dir/opt/pico-sdk/src/common/pico_sync/lock_core.c.o
                0x10008a34                lock_init
 .text.runtime_init_mutex
                0x10008a44       0x50 CMakeFiles/joystick_mood_selector.dir/opt/pico-sdk/src/common/pico_sync/mutex.c.o
                0x10008a44                runtime_init_mutex
 .text.mutex_init
                0x10008a94       0x1c CMakeFiles/joystick_mood_selector.dir/opt/pico-sdk/src/common/pico_sync/mutex.c.o
                0x10008a94                mutex_init
 .text.critical_section_init
                0x10008ab0       0x1c CMakeFiles/joystick_mood_selector.dir/opt/pico-sdk/src/common/pico_sync/critical_section.c.o
                0x10008ab0                critical_section_init
 .text.critical_section_init_with_lock_num
                0x10008acc       0x14 CMakeFiles/joystick_mood_selector.dir/opt/pico-sdk/src/common/pico_sync/critical_section.c.o
                0x10008acc                critical_section_init_with_lock_num
 .text.sleep_until_callback
                0x10008ae0       0x30 CMakeFiles/joystick_mood_selector.dir/opt/pico-sdk/src/common/pico_time/time.c.o
 .text.alarm_pool_irq_handler
                0x10008b10      0x2fc CMakeFiles/joystick_mood_selector.dir/opt/pico-sdk/src/common/pico_time/time.c.o
 .text.runtime_init_default_alarm_pool
                0x10008e0c       0xdc CMakeFiles/joystick_mood_selector.dir/opt/pico-sdk/src/common/pico_time/time.c.o
                0x10008e0c                runtime_init_default_alarm_pool
 .text.alarm_pool_get_default
                0x10008ee8        0x8 CMakeFiles/joystick_mood_selector.dir/opt/pico-sdk/src/common/pico_time/time.c.o
                0x10008ee8                alarm_pool_get_default
 .text.alarm_pool_add_alarm_at
                0x10008ef0       0xd4 CMakeFiles/joystick_mood_selector.dir/opt/pico-sdk/src/common/pico_time/time.c.o
                0x10008ef0                alarm_pool_add_alarm_at
 .text.alarm_pool_add_alarm_at_force_in_context
                0x10008fc4       0xb0 CMakeFiles/joystick_mood_selector.dir/opt/pico-sdk/src/common/pico_time/time.c.o
                0x10008fc4                alarm_pool_add_alarm_at_force_in_context
 .text.alarm_pool_cancel_alarm
                0x10009074       0x74 CMakeFiles/joystick_mood_selector.dir/opt/pico-sdk/src/common/pico_time/time.c.o
                0x10009074                alarm_pool_cancel_alarm
 .text.alarm_pool_core_num
                0x100090e8        0x4 CMakeFiles/joystick_mood_selector.dir/opt/pico-sdk/src/common/pico_time/time.c.o
                0x100090e8                alarm_pool_core_num
 .text.sleep_until
                0x100090ec       0xd8 CMakeFiles/joystick_mood_selector.dir/opt/pico-sdk/src/common/pico_time/time.c.o
                0x100090ec                sleep_until
 .text.sleep_us
                0x100091c4       0x28 CMakeFiles/joystick_mood_selector.dir/opt/pico-sdk/src/common/pico_time/time.c.o
                0x100091c4                sleep_us
 .text.sleep_ms
                0x100091ec       0x38 CMakeFiles/joystick_mood_selector.dir/opt/pico-sdk/src/common/pico_time/time.c.o
                0x100091ec                sleep_ms
 .text.best_effort_wfe_or_timeout
                0x10009224       0xf8 CMakeFiles/joystick_mood_selector.dir/opt/pico-sdk/src/common/pico_time/time.c.o
                0x10009224                best_effort_wfe_or_timeout
 .text.timer_hardware_alarm_claim
                0x1000931c       0x14 CMakeFiles/joystick_mood_selector.dir/opt/pico-sdk/src/rp2_common/hardware_timer/timer.c.o
                0x1000931c                timer_hardware_alarm_claim
 .text.timer_time_us_64
                0x10009330       0x10 CMakeFiles/joystick_mood_selector.dir/opt/pico-sdk/src/rp2_common/hardware_timer/timer.c.o
                0x10009330                timer_time_us_64
 .text.time_us_64
                0x10009340       0x14 CMakeFiles/joystick_mood_selector.dir/opt/pico-sdk/src/rp2_common/hardware_timer/timer.c.o
                0x10009340                time_us_64
 .text.busy_wait_us
                0x10009354       0x68 CMakeFiles/joystick_mood_selector.dir/opt/pico-sdk/src/rp2_common/hardware_timer/timer.c.o
                0x10009354                busy_wait_us
 .text.busy_wait_until
                0x100093bc       0x20 CMakeFiles/joystick_mood_selector.dir/opt/pico-sdk/src/rp2_common/hardware_timer/timer.c.o
                0x100093bc                busy_wait_until
 .text.clock_configure_int_divider
                0x100093dc       0xf4 CMakeFiles/joystick_mood_selector.dir/opt/pico-sdk/src/rp2_common/hardware_clocks/clocks.c.o
                0x100093dc                clock_configure_int_divider
 .text.clock_configure_undivided
                0x100094d0       0xe8 CMakeFiles/joystick_mood_selector.dir/opt/pico-sdk/src/rp2_common/hardware_clocks/clocks.c.o
                0x100094d0                clock_configure_undivided
 .text.clock_get_hz
                0x100095b8        0xc CMakeFiles/joystick_mood_selector.dir/opt/pico-sdk/src/rp2_common/hardware_clocks/clocks.c.o
                0x100095b8                clock_get_hz
 .text.pll_init
                0x100095c4       0xa4 CMakeFiles/joystick_mood_selector.dir/opt/pico-sdk/src/rp2_common/hardware_pll/pll.c.o
                0x100095c4                pll_init
 .text.watchdog_reboot
                0x10009668       0x9c CMakeFiles/joystick_mood_selector.dir/opt/pico-sdk/src/rp2_common/hardware_watchdog/watchdog.c.o
                0x10009668                watchdog_reboot
 .text.tick_start
                0x10009704       0x10 CMakeFiles/joystick_mood_selector.dir/opt/pico-sdk/src/rp2_common/hardware_ticks/ticks.c.o
                0x10009704                tick_start
 .text.rom_func_lookup
                0x10009714       0x10 CMakeFiles/joystick_mood_selector.dir/opt/pico-sdk/src/rp2_common/pico_bootrom/bootrom.c.o
                0x10009714                rom_func_lookup
 .text.rom_data_lookup
                0x10009724       0x10 CMakeFiles/joystick_mood_selector.dir/opt/pico-sdk/src/rp2_common/pico_bootrom/bootrom.c.o
                0x10009724                rom_data_lookup
 .text.rom_funcs_lookup
                0x10009734       0x44 CMakeFiles/joystick_mood_selector.dir/opt/pico-sdk/src/rp2_common/pico_bootrom/bootrom.c.o
                0x10009734                rom_funcs_lookup
 .text.rom_reset_usb_boot_extra
                0x10009778       0x28 CMakeFiles/joystick_mood_selector.dir/opt/pico-sdk/src/rp2_common/pico_bootrom/bootrom.c.o
                0x10009778                rom_reset_usb_boot_extra
 .text.xosc_init
                0x100097a0       0x28 CMakeFiles/joystick_mood_selector.dir/opt/pico-sdk/src/rp2_common/hardware_xosc/xosc.c.o
                0x100097a0                xosc_init
 .text.first_per_core_initializer
                0x100097c8        0x4 CMakeFiles/joystick_mood_selector.dir/opt/pico-sdk/src/rp2_common/pico_runtime/runtime.c.o
 .text.hard_assertion_failure
                0x100097cc        0xc CMakeFiles/joystick_mood_selector.dir/opt/pico-sdk/src/rp2_common/pico_runtime/runtime.c.o
                0x100097cc                hard_assertion_failure
 .text.runtime_run_initializers
                0x100097d8       0x28 CMakeFiles/joystick_mood_selector.dir/opt/pico-sdk/src/rp2_common/pico_runtime/runtime.c.o
                0x100097d8                runtime_run_initializers
 .text.runtime_init_early_resets
                0x10009800       0x2c CMakeFiles/joystick_mood_selector.dir/opt/pico-sdk/src/rp2_common/pico_runtime_init/runtime_init.c.o
                0x10009800                runtime_init_early_resets
 .text.runtime_init_usb_power_down
                0x1000982c       0x1c CMakeFiles/joystick_mood_selector.dir/opt/pico-sdk/src/rp2_common/pico_runtime_init/runtime_init.c.o
                0x1000982c                runtime_init_usb_power_down
 .text.runtime_init_post_clock_resets
                0x10009848       0x20 CMakeFiles/joystick_mood_selector.dir/opt/pico-sdk/src/rp2_common/pico_runtime_init/runtime_init.c.o
                0x10009848                runtime_init_post_clock_resets
 .text.runtime_init_rp2040_gpio_ie_disable
                0x10009868       0x14 CMakeFiles/joystick_mood_selector.dir/opt/pico-sdk/src/rp2_common/pico_runtime_init/runtime_init.c.o
                0x10009868                runtime_init_rp2040_gpio_ie_disable
 .text.runtime_init_spin_locks_reset
                0x1000987c        0x8 CMakeFiles/joystick_mood_selector.dir/opt/pico-sdk/src/rp2_common/pico_runtime_init/runtime_init.c.o
                0x1000987c                runtime_init_spin_locks_reset
 .text.runtime_init_install_ram_vector_table
                0x10009884       0xb4 CMakeFiles/joystick_mood_selector.dir/opt/pico-sdk/src/rp2_common/pico_runtime_init/runtime_init.c.o
                0x10009884                runtime_init_install_ram_vector_table
 .text.runtime_init_clocks
                0x10009938       0xd8 CMakeFiles/joystick_mood_selector.dir/opt/pico-sdk/src/rp2_common/pico_runtime_init/runtime_init_clocks.c.o
                0x10009938                runtime_init_clocks
 .text          0x10009a10       0x10 CMakeFiles/joystick_mood_selector.dir/opt/pico-sdk/src/rp2_common/pico_bit_ops/bit_ops_aeabi.S.o
 .text.__wrap___aeabi_idiv
                0x10009a20       0x50 CMakeFiles/joystick_mood_selector.dir/opt/pico-sdk/src/rp2_common/pico_divider/divider_hardware.S.o
                0x10009a20                __wrap___aeabi_idivmod
                0x10009a20                divmod_s32s32
                0x10009a20                div_s32s32
                0x10009a20                __wrap___aeabi_idiv
                0x10009a28                divmod_s32s32_unsafe
                0x10009a54                divmod_s32s32_savestate
 .text.__wrap___aeabi_uidiv
                0x10009a70       0x4c CMakeFiles/joystick_mood_selector.dir/opt/pico-sdk/src/rp2_common/pico_divider/divider_hardware.S.o
                0x10009a70                __wrap___aeabi_uidiv
                0x10009a70                __wrap___aeabi_uidivmod
                0x10009a70                div_u32u32
                0x10009a70                divmod_u32u32
                0x10009a78                divmod_u32u32_unsafe
                0x10009aa0                divmod_u32u32_savestate
 .text.__wrap___aeabi_ldiv
                0x10009abc      0x424 CMakeFiles/joystick_mood_selector.dir/opt/pico-sdk/src/rp2_common/pico_divider/divider_hardware.S.o
                0x10009abc                div_s64s64
                0x10009abc                divmod_s64s64
                0x10009abc                __wrap___aeabi_ldivmod
                0x10009aec                div_u64u64
                0x10009aec                divmod_u64u64
                0x10009aec                __wrap___aeabi_uldivmod
                0x10009afc                divmod_u64u64_savestate
                0x10009b1c                divmod_s64s64_unsafe
                0x10009ba4                divmod_u64u64_unsafe
 .text.__wrap___aeabi_darithmetic
                0x10009ee0       0x60 CMakeFiles/joystick_mood_selector.dir/opt/pico-sdk/src/rp2_common/pico_double/double_aeabi_rp2040.S.o
                0x10009ee0                __wrap___aeabi_drsub
                0x10009ee6                __wrap___aeabi_dsub
                0x10009ef0                __wrap___aeabi_dadd
                0x10009efa                __wrap___aeabi_ddiv
                0x10009f2e                __wrap___aeabi_dmul
 .text.__wrap___aeabi_cdcmple
                0x10009f40       0x6c CMakeFiles/joystick_mood_selector.dir/opt/pico-sdk/src/rp2_common/pico_double/double_aeabi_rp2040.S.o
                0x10009f40                __wrap___aeabi_cdrcmple
                0x10009f50                __wrap___aeabi_cdcmple
                0x10009f50                __wrap___aeabi_cdcmpeq
 .text.__wrap___aeabi_dcmplt
                0x10009fac        0xc CMakeFiles/joystick_mood_selector.dir/opt/pico-sdk/src/rp2_common/pico_double/double_aeabi_rp2040.S.o
                0x10009fac                __wrap___aeabi_dcmplt
 .text.__wrap___aeabi_dcmpge
                0x10009fb8       0x10 CMakeFiles/joystick_mood_selector.dir/opt/pico-sdk/src/rp2_common/pico_double/double_aeabi_rp2040.S.o
                0x10009fb8                __wrap___aeabi_dcmpge
 .text.__wrap___aeabi_dcmpgt
                0x10009fc8        0xa CMakeFiles/joystick_mood_selector.dir/opt/pico-sdk/src/rp2_common/pico_double/double_aeabi_rp2040.S.o
                0x10009fc8                __wrap___aeabi_dcmpgt
 .text.__wrap___aeabi_dcmpun
                0x10009fd2       0x18 CMakeFiles/joystick_mood_selector.dir/opt/pico-sdk/src/rp2_common/pico_double/double_aeabi_rp2040.S.o
                0x10009fd2                __wrap___aeabi_dcmpun
 *fill*         0x10009fea        0x2 
 .text.__wrap___aeabi_i2d
                0x10009fec       0x38 CMakeFiles/joystick_mood_selector.dir/opt/pico-sdk/src/rp2_common/pico_double/double_aeabi_rp2040.S.o
                0x10009fec                __wrap___aeabi_ui2d
                0x10009fec                uint2double
                0x10009ff4                __wrap___aeabi_i2d
                0x10009ff4                int2double
 .text.__wrap___aeabi_d2iz
                0x1000a024       0x48 CMakeFiles/joystick_mood_selector.dir/opt/pico-sdk/src/rp2_common/pico_double/double_aeabi_rp2040.S.o
                0x1000a024                __wrap___aeabi_d2iz
                0x1000a024                double2int_z
 .text.__wrap___aeabi_d2uiz
                0x1000a06c       0x10 CMakeFiles/joystick_mood_selector.dir/opt/pico-sdk/src/rp2_common/pico_double/double_aeabi_rp2040.S.o
                0x1000a06c                double2uint_z
                0x1000a06c                double2uint
                0x1000a06c                __wrap___aeabi_d2uiz
 .text.missing_double_func_shim
                0x1000a07c        0xc CMakeFiles/joystick_mood_selector.dir/opt/pico-sdk/src/rp2_common/pico_double/double_init_rom_rp2040.c.o
 .text.__aeabi_double_init
                0x1000a088       0xa0 CMakeFiles/joystick_mood_selector.dir/opt/pico-sdk/src/rp2_common/pico_double/double_init_rom_rp2040.c.o
                0x1000a088                __aeabi_double_init
 .text.double_table_shim_on_use_helper
                0x1000a128       0x2c CMakeFiles/joystick_mood_selector.dir/opt/pico-sdk/src/rp2_common/pico_double/double_v1_rom_shim_rp2040.S.o
                0x1000a128                double_table_shim_on_use_helper
 .text.__aeabi_lmul
                0x1000a154       0x32 CMakeFiles/joystick_mood_selector.dir/opt/pico-sdk/src/rp2_common/pico_int64_ops/pico_int64_ops_aeabi.S.o
                0x1000a154                __wrap___aeabi_lmul
 *fill*         0x1000a186        0x2 
 .text.__wrap___aeabi_farithmetic
                0x1000a188       0x48 CMakeFiles/joystick_mood_selector.dir/opt/pico-sdk/src/rp2_common/pico_float/float_aeabi_rp2040.S.o
                0x1000a188                __wrap___aeabi_frsub
                0x1000a18e                __wrap___aeabi_fsub
                0x1000a194                __wrap___aeabi_fadd
                0x1000a19a                __wrap___aeabi_fdiv
                0x1000a1c2                __wrap___aeabi_fmul
 .text.__wrap___aeabi_cfcmple
                0x1000a1d0       0x50 CMakeFiles/joystick_mood_selector.dir/opt/pico-sdk/src/rp2_common/pico_float/float_aeabi_rp2040.S.o
                0x1000a1d0                __wrap___aeabi_cfrcmple
                0x1000a1dc                __wrap___aeabi_cfcmpeq
                0x1000a1dc                __wrap___aeabi_cfcmple
 .text.__wrap___aeabi_fcmpeq
                0x1000a220       0x10 CMakeFiles/joystick_mood_selector.dir/opt/pico-sdk/src/rp2_common/pico_float/float_aeabi_rp2040.S.o
                0x1000a220                __wrap___aeabi_fcmpeq
 .text.__wrap___aeabi_fcmplt
                0x1000a230        0xc CMakeFiles/joystick_mood_selector.dir/opt/pico-sdk/src/rp2_common/pico_float/float_aeabi_rp2040.S.o
                0x1000a230                __wrap___aeabi_fcmplt
 .text.__wrap___aeabi_ui2f
                0x1000a23c        0xa CMakeFiles/joystick_mood_selector.dir/opt/pico-sdk/src/rp2_common/pico_float/float_aeabi_rp2040.S.o
                0x1000a23c                uint2float
                0x1000a23c                __wrap___aeabi_ui2f
 *fill*         0x1000a246        0x2 
 .text.__wrap___aeabi_i2f
                0x1000a248       0x44 CMakeFiles/joystick_mood_selector.dir/opt/pico-sdk/src/rp2_common/pico_float/float_aeabi_rp2040.S.o
                0x1000a248                int2float
                0x1000a248                __wrap___aeabi_i2f
 .text.__wrap___aeabi_f2iz
                0x1000a28c       0x4e CMakeFiles/joystick_mood_selector.dir/opt/pico-sdk/src/rp2_common/pico_float/float_aeabi_rp2040.S.o
                0x1000a28c                __wrap___aeabi_f2iz
                0x1000a28c                float2int_z
 *fill*         0x1000a2da        0x2 
 .text.float2int
                0x1000a2dc        0xc CMakeFiles/joystick_mood_selector.dir/opt/pico-sdk/src/rp2_common/pico_float/float_aeabi_rp2040.S.o
                0x1000a2dc                float2int
 .text.__wrap___aeabi_f2uiz
                0x1000a2e8        0xc CMakeFiles/joystick_mood_selector.dir/opt/pico-sdk/src/rp2_common/pico_float/float_aeabi_rp2040.S.o
                0x1000a2e8                float2uint
                0x1000a2e8                float2uint_z
                0x1000a2e8                __wrap___aeabi_f2uiz
 .text.fix2float
                0x1000a2f4        0xc CMakeFiles/joystick_mood_selector.dir/opt/pico-sdk/src/rp2_common/pico_float/float_aeabi_rp2040.S.o
                0x1000a2f4                fix2float
 .text.__wrap_sqrtf
                0x1000a300        0xc CMakeFiles/joystick_mood_selector.dir/opt/pico-sdk/src/rp2_common/pico_float/float_aeabi_rp2040.S.o
                0x1000a300                __wrap_sqrtf
 .text.__wrap_sinf
                0x1000a30c       0x24 CMakeFiles/joystick_mood_selector.dir/opt/pico-sdk/src/rp2_common/pico_float/float_aeabi_rp2040.S.o
                0x1000a30c                __wrap_sinf
 .text.missing_float_func_shim
                0x1000a330        0xc CMakeFiles/joystick_mood_selector.dir/opt/pico-sdk/src/rp2_common/pico_float/float_init_rom_rp2040.c.o
 .text.__aeabi_float_init
                0x1000a33c       0x5c CMakeFiles/joystick_mood_selector.dir/opt/pico-sdk/src/rp2_common/pico_float/float_init_rom_rp2040.c.o
                0x1000a33c                __aeabi_float_init
 .text.__wrap_remquof
                0x1000a398      0x144 CMakeFiles/joystick_mood_selector.dir/opt/pico-sdk/src/rp2_common/pico_float/float_math.c.o
                0x1000a398                __wrap_remquof
 .text.__wrap_remainderf
                0x1000a4dc        0xc CMakeFiles/joystick_mood_selector.dir/opt/pico-sdk/src/rp2_common/pico_float/float_math.c.o
                0x1000a4dc                __wrap_remainderf
 .text          0x1000a4e8       0x10 CMakeFiles/joystick_mood_selector.dir/opt/pico-sdk/src/rp2_common/pico_mem_ops/mem_ops_aeabi.S.o
                0x1000a4e8                __aeabi_mem_init
 .text.memset   0x1000a4f8        0xc CMakeFiles/joystick_mood_selector.dir/opt/pico-sdk/src/rp2_common/pico_mem_ops/mem_ops_aeabi.S.o
                0x1000a4f8                __wrap_memset
 .text.memcpy   0x1000a504        0xc CMakeFiles/joystick_mood_selector.dir/opt/pico-sdk/src/rp2_common/pico_mem_ops/mem_ops_aeabi.S.o
                0x1000a504                __wrap___aeabi_memcpy
                0x1000a504                __wrap_memcpy
 .text._out_buffer
                0x1000a510        0x8 CMakeFiles/joystick_mood_selector.dir/opt/pico-sdk/src/rp2_common/pico_printf/printf.c.o
 .text._out_null
                0x1000a518        0x4 CMakeFiles/joystick_mood_selector.dir/opt/pico-sdk/src/rp2_common/pico_printf/printf.c.o
 .text._out_rev
                0x1000a51c       0xac CMakeFiles/joystick_mood_selector.dir/opt/pico-sdk/src/rp2_common/pico_printf/printf.c.o
 .text._ntoa_format
                0x1000a5c8      0x250 CMakeFiles/joystick_mood_selector.dir/opt/pico-sdk/src/rp2_common/pico_printf/printf.c.o
 .text._out_char
                0x1000a818       0x10 CMakeFiles/joystick_mood_selector.dir/opt/pico-sdk/src/rp2_common/pico_printf/printf.c.o
 .text._out_fct
                0x1000a828       0x10 CMakeFiles/joystick_mood_selector.dir/opt/pico-sdk/src/rp2_common/pico_printf/printf.c.o
 .text._etoa    0x1000a838      0x464 CMakeFiles/joystick_mood_selector.dir/opt/pico-sdk/src/rp2_common/pico_printf/printf.c.o
 .text._ftoa    0x1000ac9c      0x3c0 CMakeFiles/joystick_mood_selector.dir/opt/pico-sdk/src/rp2_common/pico_printf/printf.c.o
 .text._vsnprintf
                0x1000b05c      0xbc8 CMakeFiles/joystick_mood_selector.dir/opt/pico-sdk/src/rp2_common/pico_printf/printf.c.o
 .text.__wrap_snprintf
                0x1000bc24       0x28 CMakeFiles/joystick_mood_selector.dir/opt/pico-sdk/src/rp2_common/pico_printf/printf.c.o
                0x1000bc24                __wrap_snprintf
 .text.vfctprintf
                0x1000bc4c       0x20 CMakeFiles/joystick_mood_selector.dir/opt/pico-sdk/src/rp2_common/pico_printf/printf.c.o
                0x1000bc4c                vfctprintf
 .text.weak_raw_vprintf
                0x1000bc6c       0x30 CMakeFiles/joystick_mood_selector.dir/opt/pico-sdk/src/rp2_common/pico_printf/printf.c.o
                0x1000bc6c                weak_raw_vprintf
 .text._exit    0x1000bc9c        0x4 CMakeFiles/joystick_mood_selector.dir/opt/pico-sdk/src/rp2_common/pico_clib_interface/newlib_interface.c.o
                0x1000bc9c                _exit
 .text.exit     0x1000bca0        0x8 CMakeFiles/joystick_mood_selector.dir/opt/pico-sdk/src/rp2_common/pico_clib_interface/newlib_interface.c.o
                0x1000bca0                exit
 .text.runtime_init
                0x1000bca8       0x2c CMakeFiles/joystick_mood_selector.dir/opt/pico-sdk/src/rp2_common/pico_clib_interface/newlib_interface.c.o
                0x1000bca8                runtime_init
 .text.stdio_out_chars_no_crlf
                0x1000bcd4       0x10 CMakeFiles/joystick_mood_selector.dir/opt/pico-sdk/src/rp2_common/pico_stdio/stdio.c.o
 .text.stdio_out_chars_crlf
                0x1000bce4       0x94 CMakeFiles/joystick_mood_selector.dir/opt/pico-sdk/src/rp2_common/pico_stdio/stdio.c.o
 .text.stdio_buffered_printer
                0x1000bd78       0x64 CMakeFiles/joystick_mood_selector.dir/opt/pico-sdk/src/rp2_common/pico_stdio/stdio.c.o
 .text.stdio_put_string
                0x1000bddc      0x100 CMakeFiles/joystick_mood_selector.dir/opt/pico-sdk/src/rp2_common/pico_stdio/stdio.c.o
                0x1000bddc                stdio_put_string
 .text.stdio_set_driver_enabled
                0x1000bedc       0x30 CMakeFiles/joystick_mood_selector.dir/opt/pico-sdk/src/rp2_common/pico_stdio/stdio.c.o
                0x1000bedc                stdio_set_driver_enabled
 .text.stdio_init_all
                0x1000bf0c        0x8 CMakeFiles/joystick_mood_selector.dir/opt/pico-sdk/src/rp2_common/pico_stdio/stdio.c.o
                0x1000bf0c                stdio_init_all
 .text.stdio_getchar_timeout_us
                0x1000bf14       0x98 CMakeFiles/joystick_mood_selector.dir/opt/pico-sdk/src/rp2_common/pico_stdio/stdio.c.o
                0x1000bf14                stdio_getchar_timeout_us
 .text.__wrap_putchar
                0x1000bfac       0x98 CMakeFiles/joystick_mood_selector.dir/opt/pico-sdk/src/rp2_common/pico_stdio/stdio.c.o
                0x1000bfac                stdio_putchar
                0x1000bfac                __wrap_putchar
 .text.__wrap_puts
                0x1000c044       0x3c CMakeFiles/joystick_mood_selector.dir/opt/pico-sdk/src/rp2_common/pico_stdio/stdio.c.o
                0x1000c044                __wrap_puts
                0x1000c044                stdio_puts
 .text.__wrap_vprintf
                0x1000c080       0xd4 CMakeFiles/joystick_mood_selector.dir/opt/pico-sdk/src/rp2_common/pico_stdio/stdio.c.o
                0x1000c080                __wrap_vprintf
                0x1000c080                stdio_vprintf
 .text.__wrap_printf
                0x1000c154       0x18 CMakeFiles/joystick_mood_selector.dir/opt/pico-sdk/src/rp2_common/pico_stdio/stdio.c.o
                0x1000c154                stdio_printf
                0x1000c154                __wrap_printf
 .text.resetd_init
                0x1000c16c        0x4 CMakeFiles/joystick_mood_selector.dir/opt/pico-sdk/src/rp2_common/pico_stdio_usb/reset_interface.c.o
 .text.resetd_reset
                0x1000c170        0xc CMakeFiles/joystick_mood_selector.dir/opt/pico-sdk/src/rp2_common/pico_stdio_usb/reset_interface.c.o
 .text.resetd_open
                0x1000c17c       0x28 CMakeFiles/joystick_mood_selector.dir/opt/pico-sdk/src/rp2_common/pico_stdio_usb/reset_interface.c.o
 .text.resetd_xfer_cb
                0x1000c1a4        0x4 CMakeFiles/joystick_mood_selector.dir/opt/pico-sdk/src/rp2_common/pico_stdio_usb/reset_interface.c.o
 .text.resetd_control_xfer_cb
                0x1000c1a8       0x5c CMakeFiles/joystick_mood_selector.dir/opt/pico-sdk/src/rp2_common/pico_stdio_usb/reset_interface.c.o
 .text.tud_descriptor_bos_cb
                0x1000c204        0x8 CMakeFiles/joystick_mood_selector.dir/opt/pico-sdk/src/rp2_common/pico_stdio_usb/reset_interface.c.o
                0x1000c204                tud_descriptor_bos_cb
 .text.tud_vendor_control_xfer_cb
                0x1000c20c       0x34 CMakeFiles/joystick_mood_selector.dir/opt/pico-sdk/src/rp2_common/pico_stdio_usb/reset_interface.c.o
                0x1000c20c                tud_vendor_control_xfer_cb
 .text.usbd_app_driver_get_cb
                0x1000c240        0xc CMakeFiles/joystick_mood_selector.dir/opt/pico-sdk/src/rp2_common/pico_stdio_usb/reset_interface.c.o
                0x1000c240                usbd_app_driver_get_cb
 .text.tud_cdc_line_coding_cb
                0x1000c24c       0x2c CMakeFiles/joystick_mood_selector.dir/opt/pico-sdk/src/rp2_common/pico_stdio_usb/reset_interface.c.o
                0x1000c24c                tud_cdc_line_coding_cb
 .text.stdio_usb_set_chars_available_callback
                0x1000c278       0x14 CMakeFiles/joystick_mood_selector.dir/opt/pico-sdk/src/rp2_common/pico_stdio_usb/stdio_usb.c.o
                0x1000c278                stdio_usb_set_chars_available_callback
 .text.usb_irq  0x1000c28c       0x10 CMakeFiles/joystick_mood_selector.dir/opt/pico-sdk/src/rp2_common/pico_stdio_usb/stdio_usb.c.o
 .text.timer_task
                0x1000c29c       0x64 CMakeFiles/joystick_mood_selector.dir/opt/pico-sdk/src/rp2_common/pico_stdio_usb/stdio_usb.c.o
 .text.stdio_usb_in_chars
                0x1000c300       0x90 CMakeFiles/joystick_mood_selector.dir/opt/pico-sdk/src/rp2_common/pico_stdio_usb/stdio_usb.c.o
                0x1000c300                stdio_usb_in_chars
 .text.stdio_usb_out_flush
                0x1000c390       0x50 CMakeFiles/joystick_mood_selector.dir/opt/pico-sdk/src/rp2_common/pico_stdio_usb/stdio_usb.c.o
 .text.stdio_usb_out_chars
                0x1000c3e0      0x104 CMakeFiles/joystick_mood_selector.dir/opt/pico-sdk/src/rp2_common/pico_stdio_usb/stdio_usb.c.o
 .text.low_priority_worker_irq
                0x1000c4e4       0xcc CMakeFiles/joystick_mood_selector.dir/opt/pico-sdk/src/rp2_common/pico_stdio_usb/stdio_usb.c.o
 .text.stdio_usb_init
                0x1000c5b0       0xec CMakeFiles/joystick_mood_selector.dir/opt/pico-sdk/src/rp2_common/pico_stdio_usb/stdio_usb.c.o
                0x1000c5b0                stdio_usb_init
 .text.tud_descriptor_device_cb
                0x1000c69c        0x8 CMakeFiles/joystick_mood_selector.dir/opt/pico-sdk/src/rp2_common/pico_stdio_usb/stdio_usb_descriptors.c.o
                0x1000c69c                tud_descriptor_device_cb
 .text.tud_descriptor_configuration_cb
                0x1000c6a4        0x8 CMakeFiles/joystick_mood_selector.dir/opt/pico-sdk/src/rp2_common/pico_stdio_usb/stdio_usb_descriptors.c.o
                0x1000c6a4                tud_descriptor_configuration_cb
 .text.tud_descriptor_string_cb
                0x1000c6ac       0x78 CMakeFiles/joystick_mood_selector.dir/opt/pico-sdk/src/rp2_common/pico_stdio_usb/stdio_usb_descriptors.c.o
                0x1000c6ac                tud_descriptor_string_cb
 .text.startup._retrieve_unique_id_on_boot
                0x1000c724       0x10 CMakeFiles/joystick_mood_selector.dir/opt/pico-sdk/src/rp2_common/pico_unique_id/unique_id.c.o
 .text.pico_get_unique_board_id_string
                0x1000c734      0x1a8 CMakeFiles/joystick_mood_selector.dir/opt/pico-sdk/src/rp2_common/pico_unique_id/unique_id.c.o
                0x1000c734                pico_get_unique_board_id_string
 .text.flash_get_unique_id
                0x1000c8dc       0x3c CMakeFiles/joystick_mood_selector.dir/opt/pico-sdk/src/rp2_common/hardware_flash/flash.c.o
                0x1000c8dc                flash_get_unique_id
 .text.dcd_init
                0x1000c918       0x90 CMakeFiles/joystick_mood_selector.dir/opt/pico-sdk/lib/tinyusb/src/portable/raspberrypi/rp2040/dcd_rp2040.c.o
                0x1000c918                dcd_init
 .text.dcd_int_enable
                0x1000c9a8        0xc CMakeFiles/joystick_mood_selector.dir/opt/pico-sdk/lib/tinyusb/src/portable/raspberrypi/rp2040/dcd_rp2040.c.o
                0x1000c9a8                dcd_int_enable
 .text.dcd_set_address
                0x1000c9b4       0x14 CMakeFiles/joystick_mood_selector.dir/opt/pico-sdk/lib/tinyusb/src/portable/raspberrypi/rp2040/dcd_rp2040.c.o
                0x1000c9b4                dcd_set_address
 .text.dcd_sof_enable
                0x1000c9c8       0x1c CMakeFiles/joystick_mood_selector.dir/opt/pico-sdk/lib/tinyusb/src/portable/raspberrypi/rp2040/dcd_rp2040.c.o
                0x1000c9c8                dcd_sof_enable
 .text.dcd_edpt0_status_complete
                0x1000c9e4       0x1c CMakeFiles/joystick_mood_selector.dir/opt/pico-sdk/lib/tinyusb/src/portable/raspberrypi/rp2040/dcd_rp2040.c.o
                0x1000c9e4                dcd_edpt0_status_complete
 .text.dcd_edpt_open
                0x1000ca00      0x114 CMakeFiles/joystick_mood_selector.dir/opt/pico-sdk/lib/tinyusb/src/portable/raspberrypi/rp2040/dcd_rp2040.c.o
                0x1000ca00                dcd_edpt_open
 .text.dcd_edpt_close_all
                0x1000cb14        0x8 CMakeFiles/joystick_mood_selector.dir/opt/pico-sdk/lib/tinyusb/src/portable/raspberrypi/rp2040/dcd_rp2040.c.o
                0x1000cb14                dcd_edpt_close_all
 .text.dcd_edpt_xfer
                0x1000cb1c       0x24 CMakeFiles/joystick_mood_selector.dir/opt/pico-sdk/lib/tinyusb/src/portable/raspberrypi/rp2040/dcd_rp2040.c.o
                0x1000cb1c                dcd_edpt_xfer
 .text.dcd_edpt_stall
                0x1000cb40       0x34 CMakeFiles/joystick_mood_selector.dir/opt/pico-sdk/lib/tinyusb/src/portable/raspberrypi/rp2040/dcd_rp2040.c.o
                0x1000cb40                dcd_edpt_stall
 .text.dcd_edpt_clear_stall
                0x1000cb74       0x30 CMakeFiles/joystick_mood_selector.dir/opt/pico-sdk/lib/tinyusb/src/portable/raspberrypi/rp2040/dcd_rp2040.c.o
                0x1000cb74                dcd_edpt_clear_stall
 .text.rp2040_usb_init
                0x1000cba4       0x40 CMakeFiles/joystick_mood_selector.dir/opt/pico-sdk/lib/tinyusb/src/portable/raspberrypi/rp2040/rp2040_usb.c.o
                0x1000cba4                rp2040_usb_init
 .text.hw_endpoint_xfer_start
                0x1000cbe4       0x40 CMakeFiles/joystick_mood_selector.dir/opt/pico-sdk/lib/tinyusb/src/portable/raspberrypi/rp2040/rp2040_usb.c.o
                0x1000cbe4                hw_endpoint_xfer_start
 .text.tud_event_hook_cb
                0x1000cc24        0x4 CMakeFiles/joystick_mood_selector.dir/opt/pico-sdk/lib/tinyusb/src/device/usbd.c.o
                0x1000cc24                tud_event_hook_cb
 .text.tud_sof_cb
                0x1000cc28        0x4 CMakeFiles/joystick_mood_selector.dir/opt/pico-sdk/lib/tinyusb/src/device/usbd.c.o
                0x1000cc28                tud_sof_cb
 .text.tud_descriptor_device_qualifier_cb
                0x1000cc2c        0x4 CMakeFiles/joystick_mood_selector.dir/opt/pico-sdk/lib/tinyusb/src/device/usbd.c.o
                0x1000cc2c                tud_descriptor_device_qualifier_cb
 .text.tud_descriptor_other_speed_configuration_cb
                0x1000cc30        0x4 CMakeFiles/joystick_mood_selector.dir/opt/pico-sdk/lib/tinyusb/src/device/usbd.c.o
                0x1000cc30                tud_descriptor_other_speed_configuration_cb
 .text.tud_mount_cb
                0x1000cc34        0x4 CMakeFiles/joystick_mood_selector.dir/opt/pico-sdk/lib/tinyusb/src/device/usbd.c.o
                0x1000cc34                tud_mount_cb
 .text.tud_umount_cb
                0x1000cc38        0x4 CMakeFiles/joystick_mood_selector.dir/opt/pico-sdk/lib/tinyusb/src/device/usbd.c.o
                0x1000cc38                tud_umount_cb
 .text.tud_suspend_cb
                0x1000cc3c        0x4 CMakeFiles/joystick_mood_selector.dir/opt/pico-sdk/lib/tinyusb/src/device/usbd.c.o
                0x1000cc3c                tud_suspend_cb
 .text.tud_resume_cb
                0x1000cc40        0x4 CMakeFiles/joystick_mood_selector.dir/opt/pico-sdk/lib/tinyusb/src/device/usbd.c.o
                0x1000cc40                tud_resume_cb
 .text.tud_mounted
                0x1000cc44       0x10 CMakeFiles/joystick_mood_selector.dir/opt/pico-sdk/lib/tinyusb/src/device/usbd.c.o
                0x1000cc44                tud_mounted
 .text.tud_suspended
                0x1000cc54       0x10 CMakeFiles/joystick_mood_selector.dir/opt/pico-sdk/lib/tinyusb/src/device/usbd.c.o
                0x1000cc54                tud_suspended
 .text.tud_rhport_init
                0x1000cc64       0xfc CMakeFiles/joystick_mood_selector.dir/opt/pico-sdk/lib/tinyusb/src/device/usbd.c.o
                0x1000cc64                tud_rhport_init
 .text.tud_task_ext
                0x1000cd60      0x800 CMakeFiles/joystick_mood_selector.dir/opt/pico-sdk/lib/tinyusb/src/device/usbd.c.o
                0x1000cd60                tud_task_ext
 .text.usbd_open_edpt_pair
                0x1000d560       0x9c CMakeFiles/joystick_mood_selector.dir/opt/pico-sdk/lib/tinyusb/src/device/usbd.c.o
                0x1000d560                usbd_open_edpt_pair
 .text.usbd_edpt_open
                0x1000d5fc       0x34 CMakeFiles/joystick_mood_selector.dir/opt/pico-sdk/lib/tinyusb/src/device/usbd.c.o
                0x1000d5fc                usbd_edpt_open
 .text.usbd_edpt_claim
                0x1000d630       0x28 CMakeFiles/joystick_mood_selector.dir/opt/pico-sdk/lib/tinyusb/src/device/usbd.c.o
                0x1000d630                usbd_edpt_claim
 .text.usbd_edpt_release
                0x1000d658       0x28 CMakeFiles/joystick_mood_selector.dir/opt/pico-sdk/lib/tinyusb/src/device/usbd.c.o
                0x1000d658                usbd_edpt_release
 .text.usbd_edpt_xfer
                0x1000d680       0x4c CMakeFiles/joystick_mood_selector.dir/opt/pico-sdk/lib/tinyusb/src/device/usbd.c.o
                0x1000d680                usbd_edpt_xfer
 .text.tud_control_status
                0x1000d6cc       0x2c CMakeFiles/joystick_mood_selector.dir/opt/pico-sdk/lib/tinyusb/src/device/usbd_control.c.o
                0x1000d6cc                tud_control_status
 .text.tud_control_xfer
                0x1000d6f8       0xac CMakeFiles/joystick_mood_selector.dir/opt/pico-sdk/lib/tinyusb/src/device/usbd_control.c.o
                0x1000d6f8                tud_control_xfer
 .text.usbd_control_reset
                0x1000d7a4       0x14 CMakeFiles/joystick_mood_selector.dir/opt/pico-sdk/lib/tinyusb/src/device/usbd_control.c.o
                0x1000d7a4                usbd_control_reset
 .text.usbd_control_set_complete_callback
                0x1000d7b8        0xc CMakeFiles/joystick_mood_selector.dir/opt/pico-sdk/lib/tinyusb/src/device/usbd_control.c.o
                0x1000d7b8                usbd_control_set_complete_callback
 .text.usbd_control_set_request
                0x1000d7c4       0x1c CMakeFiles/joystick_mood_selector.dir/opt/pico-sdk/lib/tinyusb/src/device/usbd_control.c.o
                0x1000d7c4                usbd_control_set_request
 .text.usbd_control_xfer_cb
                0x1000d7e0       0xec CMakeFiles/joystick_mood_selector.dir/opt/pico-sdk/lib/tinyusb/src/device/usbd_control.c.o
                0x1000d7e0                usbd_control_xfer_cb
 .text._prep_out_transaction.isra.0
                0x1000d8cc       0x6c CMakeFiles/joystick_mood_selector.dir/opt/pico-sdk/lib/tinyusb/src/class/cdc/cdc_device.c.o
 .text.tud_cdc_n_connected
                0x1000d938       0x2c CMakeFiles/joystick_mood_selector.dir/opt/pico-sdk/lib/tinyusb/src/class/cdc/cdc_device.c.o
                0x1000d938                tud_cdc_n_connected
 .text.tud_cdc_n_available
                0x1000d964       0x14 CMakeFiles/joystick_mood_selector.dir/opt/pico-sdk/lib/tinyusb/src/class/cdc/cdc_device.c.o
                0x1000d964                tud_cdc_n_available
 .text.tud_cdc_n_read
                0x1000d978       0x94 CMakeFiles/joystick_mood_selector.dir/opt/pico-sdk/lib/tinyusb/src/class/cdc/cdc_device.c.o
                0x1000d978                tud_cdc_n_read
 .text.tud_cdc_n_write_flush
                0x1000da0c       0x74 CMakeFiles/joystick_mood_selector.dir/opt/pico-sdk/lib/tinyusb/src/class/cdc/cdc_device.c.o
                0x1000da0c                tud_cdc_n_write_flush
 .text.tud_cdc_n_write
                0x1000da80       0x40 CMakeFiles/joystick_mood_selector.dir/opt/pico-sdk/lib/tinyusb/src/class/cdc/cdc_device.c.o
                0x1000da80                tud_cdc_n_write
 .text.tud_cdc_n_write_available
                0x1000dac0       0x14 CMakeFiles/joystick_mood_selector.dir/opt/pico-sdk/lib/tinyusb/src/class/cdc/cdc_device.c.o
                0x1000dac0                tud_cdc_n_write_available
 .text.cdcd_init
                0x1000dad4       0x70 CMakeFiles/joystick_mood_selector.dir/opt/pico-sdk/lib/tinyusb/src/class/cdc/cdc_device.c.o
                0x1000dad4                cdcd_init
 .text.cdcd_deinit
                0x1000db44       0x34 CMakeFiles/joystick_mood_selector.dir/opt/pico-sdk/lib/tinyusb/src/class/cdc/cdc_device.c.o
                0x1000db44                cdcd_deinit
 .text.cdcd_reset
                0x1000db78       0x4c CMakeFiles/joystick_mood_selector.dir/opt/pico-sdk/lib/tinyusb/src/class/cdc/cdc_device.c.o
                0x1000db78                cdcd_reset
 .text.cdcd_open
                0x1000dbc4       0xa8 CMakeFiles/joystick_mood_selector.dir/opt/pico-sdk/lib/tinyusb/src/class/cdc/cdc_device.c.o
                0x1000dbc4                cdcd_open
 .text.cdcd_control_xfer_cb
                0x1000dc6c       0xe8 CMakeFiles/joystick_mood_selector.dir/opt/pico-sdk/lib/tinyusb/src/class/cdc/cdc_device.c.o
                0x1000dc6c                cdcd_control_xfer_cb
 .text.cdcd_xfer_cb
                0x1000dd54      0x100 CMakeFiles/joystick_mood_selector.dir/opt/pico-sdk/lib/tinyusb/src/class/cdc/cdc_device.c.o
                0x1000dd54                cdcd_xfer_cb
 .text.vendord_init
                0x1000de54       0x5c CMakeFiles/joystick_mood_selector.dir/opt/pico-sdk/lib/tinyusb/src/class/vendor/vendor_device.c.o
                0x1000de54                vendord_init
 .text.vendord_deinit
                0x1000deb0       0x1c CMakeFiles/joystick_mood_selector.dir/opt/pico-sdk/lib/tinyusb/src/class/vendor/vendor_device.c.o
                0x1000deb0                vendord_deinit
 .text.vendord_reset
                0x1000decc       0x28 CMakeFiles/joystick_mood_selector.dir/opt/pico-sdk/lib/tinyusb/src/class/vendor/vendor_device.c.o
                0x1000decc                vendord_reset
 .text.vendord_open
                0x1000def4      0x128 CMakeFiles/joystick_mood_selector.dir/opt/pico-sdk/lib/tinyusb/src/class/vendor/vendor_device.c.o
                0x1000def4                vendord_open
 .text.vendord_xfer_cb
                0x1000e01c       0x9c CMakeFiles/joystick_mood_selector.dir/opt/pico-sdk/lib/tinyusb/src/class/vendor/vendor_device.c.o
                0x1000e01c                vendord_xfer_cb
 .text.tusb_rhport_init
                0x1000e0b8       0x48 CMakeFiles/joystick_mood_selector.dir/opt/pico-sdk/lib/tinyusb/src/tusb.c.o
                0x1000e0b8                tusb_rhport_init
 .text.tu_edpt_claim
                0x1000e100       0x50 CMakeFiles/joystick_mood_selector.dir/opt/pico-sdk/lib/tinyusb/src/tusb.c.o
                0x1000e100                tu_edpt_claim
 .text.tu_edpt_release
                0x1000e150       0x38 CMakeFiles/joystick_mood_selector.dir/opt/pico-sdk/lib/tinyusb/src/tusb.c.o
                0x1000e150                tu_edpt_release
 .text.tu_edpt_validate
                0x1000e188       0x7c CMakeFiles/joystick_mood_selector.dir/opt/pico-sdk/lib/tinyusb/src/tusb.c.o
                0x1000e188                tu_edpt_validate
 .text.tu_edpt_bind_driver
                0x1000e204       0x34 CMakeFiles/joystick_mood_selector.dir/opt/pico-sdk/lib/tinyusb/src/tusb.c.o
                0x1000e204                tu_edpt_bind_driver
 .text.tu_edpt_stream_init
                0x1000e238       0x6c CMakeFiles/joystick_mood_selector.dir/opt/pico-sdk/lib/tinyusb/src/tusb.c.o
                0x1000e238                tu_edpt_stream_init
 .text.tu_edpt_stream_deinit
                0x1000e2a4        0x4 CMakeFiles/joystick_mood_selector.dir/opt/pico-sdk/lib/tinyusb/src/tusb.c.o
                0x1000e2a4                tu_edpt_stream_deinit
 .text.tu_edpt_stream_write_zlp_if_needed
                0x1000e2a8       0x68 CMakeFiles/joystick_mood_selector.dir/opt/pico-sdk/lib/tinyusb/src/tusb.c.o
                0x1000e2a8                tu_edpt_stream_write_zlp_if_needed
 .text.tu_edpt_stream_write_xfer
                0x1000e310       0x64 CMakeFiles/joystick_mood_selector.dir/opt/pico-sdk/lib/tinyusb/src/tusb.c.o
                0x1000e310                tu_edpt_stream_write_xfer
 .text.tu_edpt_stream_read_xfer
                0x1000e374       0xdc CMakeFiles/joystick_mood_selector.dir/opt/pico-sdk/lib/tinyusb/src/tusb.c.o
                0x1000e374                tu_edpt_stream_read_xfer
 .text.tu_fifo_config
                0x1000e450       0x6c CMakeFiles/joystick_mood_selector.dir/opt/pico-sdk/lib/tinyusb/src/common/tusb_fifo.c.o
                0x1000e450                tu_fifo_config
 .text.tu_fifo_count
                0x1000e4bc       0x2c CMakeFiles/joystick_mood_selector.dir/opt/pico-sdk/lib/tinyusb/src/common/tusb_fifo.c.o
                0x1000e4bc                tu_fifo_count
 .text.tu_fifo_empty
                0x1000e4e8       0x10 CMakeFiles/joystick_mood_selector.dir/opt/pico-sdk/lib/tinyusb/src/common/tusb_fifo.c.o
                0x1000e4e8                tu_fifo_empty
 .text.tu_fifo_remaining
                0x1000e4f8       0x2c CMakeFiles/joystick_mood_selector.dir/opt/pico-sdk/lib/tinyusb/src/common/tusb_fifo.c.o
                0x1000e4f8                tu_fifo_remaining
 .text.tu_fifo_read
                0x1000e524       0x9c CMakeFiles/joystick_mood_selector.dir/opt/pico-sdk/lib/tinyusb/src/common/tusb_fifo.c.o
                0x1000e524                tu_fifo_read
 .text.tu_fifo_read_n
                0x1000e5c0       0xe8 CMakeFiles/joystick_mood_selector.dir/opt/pico-sdk/lib/tinyusb/src/common/tusb_fifo.c.o
                0x1000e5c0                tu_fifo_read_n
 .text.tu_fifo_write
                0x1000e6a8       0xa8 CMakeFiles/joystick_mood_selector.dir/opt/pico-sdk/lib/tinyusb/src/common/tusb_fifo.c.o
                0x1000e6a8                tu_fifo_write
 .text.tu_fifo_write_n
                0x1000e750      0x178 CMakeFiles/joystick_mood_selector.dir/opt/pico-sdk/lib/tinyusb/src/common/tusb_fifo.c.o
                0x1000e750                tu_fifo_write_n
 .text.tu_fifo_clear
                0x1000e8c8       0x40 CMakeFiles/joystick_mood_selector.dir/opt/pico-sdk/lib/tinyusb/src/common/tusb_fifo.c.o
                0x1000e8c8                tu_fifo_clear
 .text.tu_fifo_set_overwritable
                0x1000e908       0x48 CMakeFiles/joystick_mood_selector.dir/opt/pico-sdk/lib/tinyusb/src/common/tusb_fifo.c.o
                0x1000e908                tu_fifo_set_overwritable
 .text.spi_init
                0x1000e950      0x13c CMakeFiles/joystick_mood_selector.dir/opt/pico-sdk/src/rp2_common/hardware_spi/spi.c.o
                0x1000e950                spi_init
 .text.adc_init
                0x1000ea8c       0x38 CMakeFiles/joystick_mood_selector.dir/opt/pico-sdk/src/rp2_common/hardware_adc/adc.c.o
                0x1000ea8c                adc_init
 .text.rtc_init
                0x1000eac4       0x38 CMakeFiles/joystick_mood_selector.dir/opt/pico-sdk/src/rp2_common/hardware_rtc/rtc.c.o
                0x1000eac4                rtc_init
 .text.rtc_set_datetime
                0x1000eafc       0xac CMakeFiles/joystick_mood_selector.dir/opt/pico-sdk/src/rp2_common/hardware_rtc/rtc.c.o
                0x1000eafc                rtc_set_datetime
 .text.rtc_get_datetime
                0x1000eba8       0x44 CMakeFiles/joystick_mood_selector.dir/opt/pico-sdk/src/rp2_common/hardware_rtc/rtc.c.o
                0x1000eba8                rtc_get_datetime
 .text          0x1000ebec       0x18 /usr/lib/gcc/arm-none-eabi/13.2.1/../../../arm-none-eabi/lib/thumb/v6-m/nofp/libg.a(libc_a-atoi.o)
                0x1000ebec                atoi
                0x1000ebf8                _atoi_r
 .text          0x1000ec04      0x190 /usr/lib/gcc/arm-none-eabi/13.2.1/../../../arm-none-eabi/lib/thumb/v6-m/nofp/libg.a(libc_a-strtol.o)
                0x1000ed5c                _strtol_r
                0x1000ed64                strtol_l
                0x1000ed7c                strtol
 .text          0x1000ed94       0x10 /usr/lib/gcc/arm-none-eabi/13.2.1/../../../arm-none-eabi/lib/thumb/v6-m/nofp/libg.a(libc_a-atexit.o)
                0x1000ed94                atexit
 .text          0x1000eda4       0x5c /usr/lib/gcc/arm-none-eabi/13.2.1/../../../arm-none-eabi/lib/thumb/v6-m/nofp/libg.a(libc_a-strlen-stub.o)
                0x1000eda4                strlen
 .text          0x1000ee00       0x28 /usr/lib/gcc/arm-none-eabi/13.2.1/../../../arm-none-eabi/lib/thumb/v6-m/nofp/libg.a(libc_a-fini.o)
                0x1000ee00                __libc_fini_array
 .text          0x1000ee28        0xc /usr/lib/gcc/arm-none-eabi/13.2.1/../../../arm-none-eabi/lib/thumb/v6-m/nofp/libg.a(libc_a-errno.o)
                0x1000ee28                __errno
 .text          0x1000ee34       0x78 /usr/lib/gcc/arm-none-eabi/13.2.1/../../../arm-none-eabi/lib/thumb/v6-m/nofp/libg.a(libc_a-__atexit.o)
                0x1000ee34                __register_exitproc
 .text.startup  0x1000eeac       0x18 /usr/lib/gcc/arm-none-eabi/13.2.1/../../../arm-none-eabi/lib/thumb/v6-m/nofp/libg.a(libc_a-__call_atexit.o)
 *(.fini)
 .fini          0x1000eec4        0x4 /usr/lib/gcc/arm-none-eabi/13.2.1/thumb/v6-m/nofp/crti.o
                0x1000eec4                _fini
 .fini.__stub   0x1000eec8       0xd0 linker stubs
 *crtbegin.o(.ctors)
 *crtbegin?.o(.ctors)
 *(EXCLUDE_FILE(*crtend.o *crtend?.o) .ctors)
 *(SORT_BY_NAME(.ctors.*))
 *(.ctors)
 *crtbegin.o(.dtors)
 *crtbegin?.o(.dtors)
 *(EXCLUDE_FILE(*crtend.o *crtend?.o) .dtors)
 *(SORT_BY_NAME(.dtors.*))
 *(.dtors)
                0x1000ef98                        . = ALIGN (0x4)
                0x1000ef98                        PROVIDE (__preinit_array_start = .)
 *(SORT_BY_NAME(.preinit_array.*))
 .preinit_array.00100
                0x1000ef98        0x4 CMakeFiles/joystick_mood_selector.dir/opt/pico-sdk/src/rp2_common/pico_runtime_init/runtime_init.c.o
                0x1000ef98                __pre_init_runtime_init_early_resets
 .preinit_array.00101
                0x1000ef9c        0x4 CMakeFiles/joystick_mood_selector.dir/opt/pico-sdk/src/rp2_common/pico_runtime_init/runtime_init.c.o
                0x1000ef9c                __pre_init_runtime_init_usb_power_down
 .preinit_array.00275
                0x1000efa0        0x4 CMakeFiles/joystick_mood_selector.dir/opt/pico-sdk/src/rp2_common/pico_bit_ops/bit_ops_aeabi.S.o
 .preinit_array.00300
                0x1000efa4        0x4 CMakeFiles/joystick_mood_selector.dir/opt/pico-sdk/src/rp2_common/pico_mem_ops/mem_ops_aeabi.S.o
 .preinit_array.00350
                0x1000efa8        0x4 CMakeFiles/joystick_mood_selector.dir/opt/pico-sdk/src/rp2_common/pico_double/double_aeabi_rp2040.S.o
 .preinit_array.00350
                0x1000efac        0x4 CMakeFiles/joystick_mood_selector.dir/opt/pico-sdk/src/rp2_common/pico_float/float_aeabi_rp2040.S.o
 .preinit_array.00500
                0x1000efb0        0x4 CMakeFiles/joystick_mood_selector.dir/opt/pico-sdk/src/rp2_common/pico_runtime_init/runtime_init.c.o
                0x1000efb0                __pre_init_runtime_init_clocks
 .preinit_array.00600
                0x1000efb4        0x4 CMakeFiles/joystick_mood_selector.dir/opt/pico-sdk/src/rp2_common/pico_runtime_init/runtime_init.c.o
                0x1000efb4                __pre_init_runtime_init_post_clock_resets
 .preinit_array.00700
                0x1000efb8        0x4 CMakeFiles/joystick_mood_selector.dir/opt/pico-sdk/src/rp2_common/pico_runtime_init/runtime_init.c.o
                0x1000efb8                __pre_init_runtime_init_rp2040_gpio_ie_disable
 .preinit_array.01000
                0x1000efbc        0x4 CMakeFiles/joystick_mood_selector.dir/opt/pico-sdk/src/rp2_common/pico_runtime_init/runtime_init.c.o
                0x1000efbc                __pre_init_runtime_init_spin_locks_reset
 .preinit_array.01100
                0x1000efc0        0x4 CMakeFiles/joystick_mood_selector.dir/opt/pico-sdk/src/common/pico_sync/mutex.c.o
                0x1000efc0                __pre_init_runtime_init_mutex
 .preinit_array.10080
                0x1000efc4        0x4 CMakeFiles/joystick_mood_selector.dir/opt/pico-sdk/src/rp2_common/pico_runtime_init/runtime_init.c.o
                0x1000efc4                __pre_init_runtime_init_install_ram_vector_table
 .preinit_array.11000
                0x1000efc8        0x4 CMakeFiles/joystick_mood_selector.dir/opt/pico-sdk/src/common/pico_time/time.c.o
                0x1000efc8                __pre_init_runtime_init_default_alarm_pool
 .preinit_array.YYYYY
                0x1000efcc        0x4 CMakeFiles/joystick_mood_selector.dir/opt/pico-sdk/src/rp2_common/pico_runtime/runtime.c.o
                0x1000efcc                __pre_init_first_per_core_initializer
 .preinit_array.ZZZZZ.01200
                0x1000efd0        0x4 CMakeFiles/joystick_mood_selector.dir/opt/pico-sdk/src/rp2_common/hardware_irq/irq.c.o
                0x1000efd0                __pre_init_runtime_init_per_core_irq_priorities
 *(.preinit_array)
                0x1000efd4                        PROVIDE (__preinit_array_end = .)
                0x1000efd4                        . = ALIGN (0x4)
                0x1000efd4                        PROVIDE (__init_array_start = .)
 *(SORT_BY_NAME(.init_array.*))
 .init_array.00000
                0x1000efd4        0x4 /usr/lib/gcc/arm-none-eabi/13.2.1/../../../arm-none-eabi/lib/thumb/v6-m/nofp/libg.a(libc_a-__call_atexit.o)
 .init_array.01000
                0x1000efd8        0x4 CMakeFiles/joystick_mood_selector.dir/opt/pico-sdk/src/rp2_common/pico_unique_id/unique_id.c.o
 *(.init_array)
 .init_array    0x1000efdc        0x4 /usr/lib/gcc/arm-none-eabi/13.2.1/thumb/v6-m/nofp/crtbegin.o
                0x1000efe0                        PROVIDE (__init_array_end = .)
                0x1000efe0                        . = ALIGN (0x4)
                0x1000efe0                        PROVIDE (__fini_array_start = .)
 *(SORT_BY_NAME(.fini_array.*))
 *(.fini_array)
                0x1000efe0                        PROVIDE (__fini_array_end = .)
 *(.eh_frame*)
 .eh_frame      0x1000efe0        0x0 /usr/lib/gcc/arm-none-eabi/13.2.1/thumb/v6-m/nofp/crtbegin.o
                0x1000efe0                        . = ALIGN (0x4)

.glue_7         0x1000efe0        0x0
 .glue_7        0x1000efe0        0x0 linker stubs

.glue_7t        0x1000efe0        0x0
 .glue_7t       0x1000efe0        0x0 linker stubs

.vfp11_veneer   0x1000efe0        0x0
 .vfp11_veneer  0x1000efe0        0x0 linker stubs

.v4_bx          0x1000efe0        0x0
 .v4_bx         0x1000efe0        0x0 linker stubs

.iplt           0x1000efe0        0x0
 .iplt          0x1000efe0        0x0 /usr/lib/gcc/arm-none-eabi/13.2.1/thumb/v6-m/nofp/crtbegin.o

.rodata         0x1000efe0     0xd920
 *(EXCLUDE_FILE(*libm.a: *libc.a:*lib_a-mem*.o *libgcc.a:) .rodata*)
 .rodata.print_help.str1.4
                0x1000efe0     0xb2f8 CMakeFiles/joystick_mood_selector.dir/main.c.o
                                0x2eb (size before relaxing)
 .rodata.main.str1.4
                0x1001a2d8      0x2be CMakeFiles/joystick_mood_selector.dir/main.c.o
 .rodata.main   0x1001a2d8      0x200 CMakeFiles/joystick_mood_selector.dir/main.c.o
 .rodata.CSWTCH.81
                0x1001a4d8       0x3c CMakeFiles/joystick_mood_selector.dir/main.c.o
 .rodata.top.2  0x1001a514        0xa CMakeFiles/joystick_mood_selector.dir/main.c.o
 *fill*         0x1001a51e        0x2 
 .rodata.cycle_homesick
                0x1001a520        0x4 CMakeFiles/joystick_mood_selector.dir/main.c.o
 .rodata.cycle_nostalgic
                0x1001a524        0x4 CMakeFiles/joystick_mood_selector.dir/main.c.o
 .rodata.cycle_excited
                0x1001a528        0x4 CMakeFiles/joystick_mood_selector.dir/main.c.o
 .rodata.cycle_horny
                0x1001a52c        0x4 CMakeFiles/joystick_mood_selector.dir/main.c.o
 .rodata.cycle_chill
                0x1001a530        0x4 CMakeFiles/joystick_mood_selector.dir/main.c.o
 .rodata.cycle_fat
                0x1001a534        0x4 CMakeFiles/joystick_mood_selector.dir/main.c.o
 .rodata.cycle_lazy
                0x1001a538        0x4 CMakeFiles/joystick_mood_selector.dir/main.c.o
 .rodata.cycle_slaphappy
                0x1001a53c        0x4 CMakeFiles/joystick_mood_selector.dir/main.c.o
 .rodata.cycle_tired
                0x1001a540        0x4 CMakeFiles/joystick_mood_selector.dir/main.c.o
 .rodata.cycle_hungry
                0x1001a544        0x4 CMakeFiles/joystick_mood_selector.dir/main.c.o
 .rodata.cycle_chaotic
                0x1001a548        0x4 CMakeFiles/joystick_mood_selector.dir/main.c.o
 .rodata.cycle_sad
                0x1001a54c        0x4 CMakeFiles/joystick_mood_selector.dir/main.c.o
 .rodata.cycle_angry
                0x1001a550        0x4 CMakeFiles/joystick_mood_selector.dir/main.c.o
 .rodata.cycle_unhinged
                0x1001a554        0x4 CMakeFiles/joystick_mood_selector.dir/main.c.o
 .rodata.cycle_weird
                0x1001a558        0x4 CMakeFiles/joystick_mood_selector.dir/main.c.o
 .rodata.cycle_normal
                0x1001a55c        0x4 CMakeFiles/joystick_mood_selector.dir/main.c.o
 .rodata.str1.4
                0x1001a560     0xabb2 CMakeFiles/joystick_mood_selector.dir/main.c.o
 .rodata.month_names
                0x1001a560       0x30 CMakeFiles/joystick_mood_selector.dir/main.c.o
 .rodata.font_chars
                0x1001a590       0x34 CMakeFiles/joystick_mood_selector.dir/main.c.o
 .rodata.font5x7
                0x1001a5c4      0x165 CMakeFiles/joystick_mood_selector.dir/main.c.o
 *fill*         0x1001a729        0x3 
 .rodata.body_rle
                0x1001a72c      0x1ed CMakeFiles/joystick_mood_selector.dir/main.c.o
 *fill*         0x1001a919        0x3 
 .rodata.mood_names
                0x1001a91c       0x40 CMakeFiles/joystick_mood_selector.dir/main.c.o
 .rodata.quotes
                0x1001a95c     0x19b8 CMakeFiles/joystick_mood_selector.dir/main.c.o
 .rodata        0x1001c314       0x44 CMakeFiles/joystick_mood_selector.dir/main.c.o
 .rodata.DEV_Module_Init.str1.4
                0x1001c358       0x15 CMakeFiles/joystick_mood_selector.dir/lib/Config/DEV_Config.c.o
 .rodata.panic.str1.4
                0x1001c358       0x12 CMakeFiles/joystick_mood_selector.dir/opt/pico-sdk/src/rp2_common/pico_platform_panic/panic.c.o
 .rodata.spin_lock_claim_unused.str1.4
                0x1001c358       0x1b CMakeFiles/joystick_mood_selector.dir/opt/pico-sdk/src/rp2_common/hardware_sync/sync.c.o
 .rodata.user_irq_claim_unused.str1.4
                0x1001c358       0x1b CMakeFiles/joystick_mood_selector.dir/opt/pico-sdk/src/rp2_common/hardware_irq/irq.c.o
 .rodata.timer_hardware_alarm_claim.str1.4
                0x1001c358       0x22 CMakeFiles/joystick_mood_selector.dir/opt/pico-sdk/src/rp2_common/hardware_timer/timer.c.o
 .rodata.hard_assertion_failure.str1.4
                0x1001c358        0xc CMakeFiles/joystick_mood_selector.dir/opt/pico-sdk/src/rp2_common/pico_runtime/runtime.c.o
 .rodata.missing_double_func_shim.str1.4
                0x1001c358       0x18 CMakeFiles/joystick_mood_selector.dir/opt/pico-sdk/src/rp2_common/pico_double/double_init_rom_rp2040.c.o
 .rodata.missing_float_func_shim.str1.4
                0x1001c358        0x1 CMakeFiles/joystick_mood_selector.dir/opt/pico-sdk/src/rp2_common/pico_float/float_init_rom_rp2040.c.o
 .rodata.str1.4
                0x1001c358       0x4c CMakeFiles/joystick_mood_selector.dir/opt/pico-sdk/src/rp2_common/pico_standard_binary_info/standard_binary_info.c.o
 .rodata.__bi_84
                0x1001c358        0xc CMakeFiles/joystick_mood_selector.dir/opt/pico-sdk/src/rp2_common/pico_standard_binary_info/standard_binary_info.c.o
 .rodata.__bi_78
                0x1001c364        0xc CMakeFiles/joystick_mood_selector.dir/opt/pico-sdk/src/rp2_common/pico_standard_binary_info/standard_binary_info.c.o
 .rodata.__bi_54
                0x1001c370        0xc CMakeFiles/joystick_mood_selector.dir/opt/pico-sdk/src/rp2_common/pico_standard_binary_info/standard_binary_info.c.o
 .rodata.__bi_48
                0x1001c37c        0xc CMakeFiles/joystick_mood_selector.dir/opt/pico-sdk/src/rp2_common/pico_standard_binary_info/standard_binary_info.c.o
 .rodata.__bi_42
                0x1001c388        0xc CMakeFiles/joystick_mood_selector.dir/opt/pico-sdk/src/rp2_common/pico_standard_binary_info/standard_binary_info.c.o
 .rodata.__bi_34
                0x1001c394        0xc CMakeFiles/joystick_mood_selector.dir/opt/pico-sdk/src/rp2_common/pico_standard_binary_info/standard_binary_info.c.o
 .rodata.__bi_26
                0x1001c3a0        0xc CMakeFiles/joystick_mood_selector.dir/opt/pico-sdk/src/rp2_common/pico_standard_binary_info/standard_binary_info.c.o
 .rodata._ftoa.str1.4
                0x1001c3ac       0x15 CMakeFiles/joystick_mood_selector.dir/opt/pico-sdk/src/rp2_common/pico_printf/printf.c.o
 .rodata._vsnprintf
                0x1001c3ac      0x19c CMakeFiles/joystick_mood_selector.dir/opt/pico-sdk/src/rp2_common/pico_printf/printf.c.o
 .rodata.pow10.0
                0x1001c548       0x50 CMakeFiles/joystick_mood_selector.dir/opt/pico-sdk/src/rp2_common/pico_printf/printf.c.o
 .rodata.crlf_str.0
                0x1001c598        0x2 CMakeFiles/joystick_mood_selector.dir/opt/pico-sdk/src/rp2_common/pico_stdio/stdio.c.o
 *fill*         0x1001c59a        0x2 
 .rodata._resetd_driver
                0x1001c59c       0x20 CMakeFiles/joystick_mood_selector.dir/opt/pico-sdk/src/rp2_common/pico_stdio_usb/reset_interface.c.o
 .rodata.desc_ms_os_20
                0x1001c5bc       0xa6 CMakeFiles/joystick_mood_selector.dir/opt/pico-sdk/src/rp2_common/pico_stdio_usb/reset_interface.c.o
 *fill*         0x1001c662        0x2 
 .rodata.desc_bos
                0x1001c664       0x21 CMakeFiles/joystick_mood_selector.dir/opt/pico-sdk/src/rp2_common/pico_stdio_usb/reset_interface.c.o
                0x1001c664                desc_bos
 .rodata.str1.4
                0x1001c685       0x13 CMakeFiles/joystick_mood_selector.dir/opt/pico-sdk/src/rp2_common/pico_stdio_usb/stdio_usb.c.o
 *fill*         0x1001c685        0x3 
 .rodata.__bi_202.0
                0x1001c688        0xc CMakeFiles/joystick_mood_selector.dir/opt/pico-sdk/src/rp2_common/pico_stdio_usb/stdio_usb.c.o
 .rodata.str1.4
                0x1001c694       0x2a CMakeFiles/joystick_mood_selector.dir/opt/pico-sdk/src/rp2_common/pico_stdio_usb/stdio_usb_descriptors.c.o
 .rodata.usbd_desc_str
                0x1001c694       0x18 CMakeFiles/joystick_mood_selector.dir/opt/pico-sdk/src/rp2_common/pico_stdio_usb/stdio_usb_descriptors.c.o
 .rodata.usbd_desc_cfg
                0x1001c6ac       0x54 CMakeFiles/joystick_mood_selector.dir/opt/pico-sdk/src/rp2_common/pico_stdio_usb/stdio_usb_descriptors.c.o
 .rodata.usbd_desc_device
                0x1001c700       0x12 CMakeFiles/joystick_mood_selector.dir/opt/pico-sdk/src/rp2_common/pico_stdio_usb/stdio_usb_descriptors.c.o
 .rodata.str1.4
                0x1001c712       0x14 CMakeFiles/joystick_mood_selector.dir/opt/pico-sdk/lib/tinyusb/src/portable/raspberrypi/rp2040/dcd_rp2040.c.o
 .rodata.str1.4
                0x1001c712       0x48 CMakeFiles/joystick_mood_selector.dir/opt/pico-sdk/lib/tinyusb/src/portable/raspberrypi/rp2040/rp2040_usb.c.o
 *fill*         0x1001c712        0x2 
 .rodata.tud_task_ext
                0x1001c714       0x8c CMakeFiles/joystick_mood_selector.dir/opt/pico-sdk/lib/tinyusb/src/device/usbd.c.o
 .rodata        0x1001c7a0       0x1c CMakeFiles/joystick_mood_selector.dir/opt/pico-sdk/lib/tinyusb/src/device/usbd.c.o
 .rodata._usbd_driver
                0x1001c7bc       0x40 CMakeFiles/joystick_mood_selector.dir/opt/pico-sdk/lib/tinyusb/src/device/usbd.c.o
 .rodata        0x1001c7fc      0x101 /usr/lib/gcc/arm-none-eabi/13.2.1/../../../arm-none-eabi/lib/thumb/v6-m/nofp/libg.a(libc_a-ctype_.o)
                0x1001c7fc                _ctype_
                0x1001c900                        . = ALIGN (0x4)
 *fill*         0x1001c8fd        0x3 
 *(SORT_BY_ALIGNMENT(SORT_BY_NAME(.flashdata*)))
                0x1001c900                        . = ALIGN (0x4)

.ARM.extab
 *(.ARM.extab* .gnu.linkonce.armextab.*)
                0x1001c900                        __exidx_start = .

.ARM.exidx
 *(.ARM.exidx* .gnu.linkonce.armexidx.*)
                0x1001c900                        __exidx_end = .
                0x1001c900                        . = ALIGN (0x4)
                0x1001c900                        __binary_info_start = .

.binary_info    0x1001c900       0x20
 *(.binary_info.keep.*)
 .binary_info.keep.__bi_ptr84
                0x1001c900        0x4 CMakeFiles/joystick_mood_selector.dir/opt/pico-sdk/src/rp2_common/pico_standard_binary_info/standard_binary_info.c.o
 .binary_info.keep.__bi_ptr78
                0x1001c904        0x4 CMakeFiles/joystick_mood_selector.dir/opt/pico-sdk/src/rp2_common/pico_standard_binary_info/standard_binary_info.c.o
 .binary_info.keep.__bi_ptr54
                0x1001c908        0x4 CMakeFiles/joystick_mood_selector.dir/opt/pico-sdk/src/rp2_common/pico_standard_binary_info/standard_binary_info.c.o
 .binary_info.keep.__bi_ptr48
                0x1001c90c        0x4 CMakeFiles/joystick_mood_selector.dir/opt/pico-sdk/src/rp2_common/pico_standard_binary_info/standard_binary_info.c.o
 .binary_info.keep.__bi_ptr42
                0x1001c910        0x4 CMakeFiles/joystick_mood_selector.dir/opt/pico-sdk/src/rp2_common/pico_standard_binary_info/standard_binary_info.c.o
 .binary_info.keep.__bi_ptr34
                0x1001c914        0x4 CMakeFiles/joystick_mood_selector.dir/opt/pico-sdk/src/rp2_common/pico_standard_binary_info/standard_binary_info.c.o
 .binary_info.keep.__bi_ptr26
                0x1001c918        0x4 CMakeFiles/joystick_mood_selector.dir/opt/pico-sdk/src/rp2_common/pico_standard_binary_info/standard_binary_info.c.o
 *(.binary_info.*)
 .binary_info.__bi_ptr202
                0x1001c91c        0x4 CMakeFiles/joystick_mood_selector.dir/opt/pico-sdk/src/rp2_common/pico_stdio_usb/stdio_usb.c.o
                0x1001c920                        __binary_info_end = .
                0x1001c920                        . = ALIGN (0x4)

.ram_vector_table
                0x20000000       0xc0
 *(.ram_vector_table)
 .ram_vector_table
                0x20000000       0xc0 CMakeFiles/joystick_mood_selector.dir/opt/pico-sdk/src/rp2_common/pico_runtime_init/runtime_init.c.o
                0x20000000                ram_vector_table

.uninitialized_data
                0x200000c0        0x0
                0x200000c0                        . = ALIGN (0x4)
 *(.uninitialized_data*)

.data           0x200000c0     0x1258 load address 0x1001c920
                0x200000c0                        __data_start__ = .
 *(vtable)
 *(.time_critical*)
 .time_critical.mutex_try_enter
                0x200000c0       0x40 CMakeFiles/joystick_mood_selector.dir/opt/pico-sdk/src/common/pico_sync/mutex.c.o
                0x200000c0                mutex_try_enter
 .time_critical.mutex_try_enter_block_until
                0x20000100       0x9c CMakeFiles/joystick_mood_selector.dir/opt/pico-sdk/src/common/pico_sync/mutex.c.o
                0x20000100                mutex_try_enter_block_until
 .time_critical.mutex_enter_timeout_ms
                0x2000019c       0x90 CMakeFiles/joystick_mood_selector.dir/opt/pico-sdk/src/common/pico_sync/mutex.c.o
                0x2000019c                mutex_enter_timeout_ms
 .time_critical.mutex_exit
                0x2000022c       0x28 CMakeFiles/joystick_mood_selector.dir/opt/pico-sdk/src/common/pico_sync/mutex.c.o
                0x2000022c                mutex_exit
 .time_critical.flash_init_boot2_copyout
                0x20000254       0x30 CMakeFiles/joystick_mood_selector.dir/opt/pico-sdk/src/rp2_common/hardware_flash/flash.c.o
 .time_critical.flash_enable_xip_via_boot2
                0x20000284        0xc CMakeFiles/joystick_mood_selector.dir/opt/pico-sdk/src/rp2_common/hardware_flash/flash.c.o
 .time_critical.flash_save_hardware_state
                0x20000290       0x20 CMakeFiles/joystick_mood_selector.dir/opt/pico-sdk/src/rp2_common/hardware_flash/flash.c.o
 .time_critical.flash_restore_hardware_state
                0x200002b0       0x20 CMakeFiles/joystick_mood_selector.dir/opt/pico-sdk/src/rp2_common/hardware_flash/flash.c.o
 .time_critical.flash_cs_force
                0x200002d0       0x38 CMakeFiles/joystick_mood_selector.dir/opt/pico-sdk/src/rp2_common/hardware_flash/flash.c.o
 .time_critical.flash_do_cmd
                0x20000308       0xd0 CMakeFiles/joystick_mood_selector.dir/opt/pico-sdk/src/rp2_common/hardware_flash/flash.c.o
                0x20000308                flash_do_cmd
 .time_critical.reset_non_control_endpoints
                0x200003d8       0x68 CMakeFiles/joystick_mood_selector.dir/opt/pico-sdk/lib/tinyusb/src/portable/raspberrypi/rp2040/dcd_rp2040.c.o
 .time_critical.hw_handle_buff_status
                0x20000440       0xa0 CMakeFiles/joystick_mood_selector.dir/opt/pico-sdk/lib/tinyusb/src/portable/raspberrypi/rp2040/dcd_rp2040.c.o
 .time_critical.dcd_rp2040_irq
                0x200004e0      0x544 CMakeFiles/joystick_mood_selector.dir/opt/pico-sdk/lib/tinyusb/src/portable/raspberrypi/rp2040/dcd_rp2040.c.o
 .time_critical.prepare_ep_buffer
                0x20000a24       0xe0 CMakeFiles/joystick_mood_selector.dir/opt/pico-sdk/lib/tinyusb/src/portable/raspberrypi/rp2040/rp2040_usb.c.o
 .time_critical.sync_ep_buffer
                0x20000b04       0xa8 CMakeFiles/joystick_mood_selector.dir/opt/pico-sdk/lib/tinyusb/src/portable/raspberrypi/rp2040/rp2040_usb.c.o
 .time_critical._hw_endpoint_xfer_sync
                0x20000bac       0x28 CMakeFiles/joystick_mood_selector.dir/opt/pico-sdk/lib/tinyusb/src/portable/raspberrypi/rp2040/rp2040_usb.c.o
 .time_critical.e15_is_bulkin_ep
                0x20000bd4       0x28 CMakeFiles/joystick_mood_selector.dir/opt/pico-sdk/lib/tinyusb/src/portable/raspberrypi/rp2040/rp2040_usb.c.o
 .time_critical.e15_is_critical_frame_period
                0x20000bfc       0x34 CMakeFiles/joystick_mood_selector.dir/opt/pico-sdk/lib/tinyusb/src/portable/raspberrypi/rp2040/rp2040_usb.c.o
 .time_critical.hw_endpoint_reset_transfer
                0x20000c30        0xc CMakeFiles/joystick_mood_selector.dir/opt/pico-sdk/lib/tinyusb/src/portable/raspberrypi/rp2040/rp2040_usb.c.o
                0x20000c30                hw_endpoint_reset_transfer
 .time_critical._hw_endpoint_buffer_control_update32
                0x20000c3c       0x50 CMakeFiles/joystick_mood_selector.dir/opt/pico-sdk/lib/tinyusb/src/portable/raspberrypi/rp2040/rp2040_usb.c.o
                0x20000c3c                _hw_endpoint_buffer_control_update32
 .time_critical.hw_endpoint_start_next_buffer
                0x20000c8c       0x6c CMakeFiles/joystick_mood_selector.dir/opt/pico-sdk/lib/tinyusb/src/portable/raspberrypi/rp2040/rp2040_usb.c.o
                0x20000c8c                hw_endpoint_start_next_buffer
 .time_critical.hw_endpoint_xfer_continue
                0x20000cf8       0x40 CMakeFiles/joystick_mood_selector.dir/opt/pico-sdk/lib/tinyusb/src/portable/raspberrypi/rp2040/rp2040_usb.c.o
                0x20000cf8                hw_endpoint_xfer_continue
 .time_critical.tinyusb
                0x20000d38      0x1e4 CMakeFiles/joystick_mood_selector.dir/opt/pico-sdk/lib/tinyusb/src/device/usbd.c.o
                0x20000d38                dcd_event_handler
 .time_critical.spi_write_blocking
                0x20000f1c       0x4c CMakeFiles/joystick_mood_selector.dir/opt/pico-sdk/src/rp2_common/hardware_spi/spi.c.o
                0x20000f1c                spi_write_blocking
 *(.text*)
 .text          0x20000f68        0x4 /usr/lib/gcc/arm-none-eabi/13.2.1/thumb/v6-m/nofp/libgcc.a(_dvmd_tls.o)
                0x20000f68                __aeabi_ldiv0
                0x20000f68                __aeabi_idiv0
 *fill*         0x20000f6c        0x4 
 .text.__stub   0x20000f70       0x80 linker stubs
                0x20000ff0                        . = ALIGN (0x4)
 *(.rodata*)
                0x20000ff0                        . = ALIGN (0x4)
 *(.data*)
 .data.WS_20_30_2IN13_V3
                0x20000ff0       0x9f CMakeFiles/joystick_mood_selector.dir/lib/e-Paper/EPD_2in13_V3.c.o
                0x20000ff0                WS_20_30_2IN13_V3
 *fill*         0x2000108f        0x1 
 .data.WF_PARTIAL_2IN13_V3
                0x20001090       0x9f CMakeFiles/joystick_mood_selector.dir/lib/e-Paper/EPD_2in13_V3.c.o
                0x20001090                WF_PARTIAL_2IN13_V3
 .data.striped_spin_lock_num
                0x2000112f        0x1 CMakeFiles/joystick_mood_selector.dir/opt/pico-sdk/src/rp2_common/hardware_sync/sync.c.o
 .data          0x20001130       0x48 CMakeFiles/joystick_mood_selector.dir/opt/pico-sdk/src/rp2_common/hardware_irq/irq_handler_chain.S.o
                0x20001130                irq_handler_chain_slots
                0x20001160                irq_handler_chain_first_slot
                0x2000116a                irq_handler_chain_remove_tail
 .data.default_alarm_pool
                0x20001178       0x18 CMakeFiles/joystick_mood_selector.dir/opt/pico-sdk/src/common/pico_time/time.c.o
 *fill*         0x20001190        0x0 
 .data.aeabi_bits_funcs
                0x20001190       0x10 CMakeFiles/joystick_mood_selector.dir/opt/pico-sdk/src/rp2_common/pico_bit_ops/bit_ops_aeabi.S.o
                0x20001190                aeabi_bits_funcs
                0x200011a0                aeabi_bits_funcs_end
 .data.aeabi_mem_funcs
                0x200011a0       0x10 CMakeFiles/joystick_mood_selector.dir/opt/pico-sdk/src/rp2_common/pico_mem_ops/mem_ops_aeabi.S.o
                0x200011a0                aeabi_mem_funcs
                0x200011b0                aeabi_mem_funcs_end
 .data.stdio_usb
                0x200011b0       0x18 CMakeFiles/joystick_mood_selector.dir/opt/pico-sdk/src/rp2_common/pico_stdio_usb/stdio_usb.c.o
                0x200011b0                stdio_usb
 .data._usbd_qdef
                0x200011c8       0x1c CMakeFiles/joystick_mood_selector.dir/opt/pico-sdk/lib/tinyusb/src/device/usbd.c.o
                0x200011c8                _usbd_qdef
 .data._usbd_rhport
                0x200011e4        0x1 CMakeFiles/joystick_mood_selector.dir/opt/pico-sdk/lib/tinyusb/src/device/usbd.c.o
 *fill*         0x200011e5        0x3 
 .data          0x200011e8      0x128 /usr/lib/gcc/arm-none-eabi/13.2.1/../../../arm-none-eabi/lib/thumb/v6-m/nofp/libg.a(libc_a-impure.o)
                0x200011e8                _impure_ptr
                0x200011f0                _impure_data
                0x20001310                        . = ALIGN (0x4)
 *(.after_data.*)
                0x20001310                        . = ALIGN (0x4)
                0x20001310                        PROVIDE (__mutex_array_start = .)
 *(SORT_BY_NAME(.mutex_array.*))
 *(.mutex_array)
 .mutex_array   0x20001310        0x8 CMakeFiles/joystick_mood_selector.dir/opt/pico-sdk/src/rp2_common/pico_stdio/stdio.c.o
                0x20001318                        PROVIDE (__mutex_array_end = .)
                0x20001318                        . = ALIGN (0x4)
 *(.jcr)
                0x20001318                        . = ALIGN (0x4)

.tm_clone_table
                0x20001318        0x0 load address 0x1001db78
 .tm_clone_table
                0x20001318        0x0 /usr/lib/gcc/arm-none-eabi/13.2.1/thumb/v6-m/nofp/crtbegin.o
 .tm_clone_table
                0x20001318        0x0 /usr/lib/gcc/arm-none-eabi/13.2.1/thumb/v6-m/nofp/crtend.o

.igot.plt       0x20001318        0x0 load address 0x1001db78
 .igot.plt      0x20001318        0x0 /usr/lib/gcc/arm-none-eabi/13.2.1/thumb/v6-m/nofp/crtbegin.o

.tdata          0x20001318        0x0 load address 0x1001db78
                0x20001318                        . = ALIGN (0x4)
 *(.tdata .tdata.* .gnu.linkonce.td.*)
                0x20001318                        __tdata_end = .
                0x20001318                        PROVIDE (__data_end__ = .)
                0x1001c920                        __etext = LOADADDR (.data)

.tbss           0x20001318        0x0 load address 0x1001db78
                0x20001318                        . = ALIGN (0x4)
                0x20001318                        __bss_start__ = .
                0x20001318                        __tls_base = .
 *(.tbss .tbss.* .gnu.linkonce.tb.*)
 *(.tcommon)
                0x20001318                        __tls_end = .

.bss            0x20001318     0x30f4 load address 0x1001db78
                0x20001318                        . = ALIGN (0x4)
                0x20001318                        __tbss_end = .
 *(SORT_BY_ALIGNMENT(SORT_BY_NAME(.bss*)))
 .bss.default_alarm_pool_entries
                0x20001318      0x180 CMakeFiles/joystick_mood_selector.dir/opt/pico-sdk/src/common/pico_time/time.c.o
 .bss.last_avail_time.1
                0x20001498        0x8 CMakeFiles/joystick_mood_selector.dir/opt/pico-sdk/src/rp2_common/pico_stdio_usb/stdio_usb.c.o
 .bss.sd_table  0x200014a0      0x100 CMakeFiles/joystick_mood_selector.dir/opt/pico-sdk/src/rp2_common/pico_double/double_init_rom_rp2040.c.o
                0x200014a0                sd_table
 .bss           0x200015a0       0x1c /usr/lib/gcc/arm-none-eabi/13.2.1/thumb/v6-m/nofp/crtbegin.o
 .bss           0x200015bc      0x13c /usr/lib/gcc/arm-none-eabi/13.2.1/../../../arm-none-eabi/lib/thumb/v6-m/nofp/libg.a(libc_a-findfp.o)
                0x200015bc                __stdio_exit_handler
                0x200015c0                __sf
 .bss           0x200016f8      0x190 /usr/lib/gcc/arm-none-eabi/13.2.1/../../../arm-none-eabi/lib/thumb/v6-m/nofp/libg.a(libc_a-__atexit.o)
                0x200016f8                __atexit0
 .bss           0x20001888        0x4 /usr/lib/gcc/arm-none-eabi/13.2.1/../../../arm-none-eabi/lib/thumb/v6-m/nofp/libg.a(libc_a-__call_atexit.o)
                0x20001888                __atexit
 .bss.EPD_BUSY_PIN
                0x2000188c        0x4 CMakeFiles/joystick_mood_selector.dir/lib/Config/DEV_Config.c.o
                0x2000188c                EPD_BUSY_PIN
 .bss.EPD_CLK_PIN
                0x20001890        0x4 CMakeFiles/joystick_mood_selector.dir/lib/Config/DEV_Config.c.o
                0x20001890                EPD_CLK_PIN
 .bss.EPD_CS_PIN
                0x20001894        0x4 CMakeFiles/joystick_mood_selector.dir/lib/Config/DEV_Config.c.o
                0x20001894                EPD_CS_PIN
 .bss.EPD_DC_PIN
                0x20001898        0x4 CMakeFiles/joystick_mood_selector.dir/lib/Config/DEV_Config.c.o
                0x20001898                EPD_DC_PIN
 .bss.EPD_MOSI_PIN
                0x2000189c        0x4 CMakeFiles/joystick_mood_selector.dir/lib/Config/DEV_Config.c.o
                0x2000189c                EPD_MOSI_PIN
 .bss.EPD_RST_PIN
                0x200018a0        0x4 CMakeFiles/joystick_mood_selector.dir/lib/Config/DEV_Config.c.o
                0x200018a0                EPD_RST_PIN
 .bss._app_driver
                0x200018a4        0x4 CMakeFiles/joystick_mood_selector.dir/opt/pico-sdk/lib/tinyusb/src/device/usbd.c.o
 .bss._cdcd_epbuf
                0x200018a8       0x80 CMakeFiles/joystick_mood_selector.dir/opt/pico-sdk/lib/tinyusb/src/class/cdc/cdc_device.c.o
 .bss._cdcd_fifo_cfg
                0x20001928        0x1 CMakeFiles/joystick_mood_selector.dir/opt/pico-sdk/lib/tinyusb/src/class/cdc/cdc_device.c.o
 *fill*         0x20001929        0x3 
 .bss._cdcd_itf
                0x2000192c       0xc8 CMakeFiles/joystick_mood_selector.dir/opt/pico-sdk/lib/tinyusb/src/class/cdc/cdc_device.c.o
 .bss._ctrl_epbuf
                0x200019f4       0x40 CMakeFiles/joystick_mood_selector.dir/opt/pico-sdk/lib/tinyusb/src/device/usbd_control.c.o
 .bss._ctrl_xfer
                0x20001a34       0x14 CMakeFiles/joystick_mood_selector.dir/opt/pico-sdk/lib/tinyusb/src/device/usbd_control.c.o
 .bss._tusb_rhport_role
                0x20001a48        0x2 CMakeFiles/joystick_mood_selector.dir/opt/pico-sdk/lib/tinyusb/src/tusb.c.o
                0x20001a48                _tusb_rhport_role
 *fill*         0x20001a4a        0x2 
 .bss._ubsd_mutexdef
                0x20001a4c        0x8 CMakeFiles/joystick_mood_selector.dir/opt/pico-sdk/lib/tinyusb/src/device/usbd.c.o
 .bss._usbd_dev
                0x20001a54       0x54 CMakeFiles/joystick_mood_selector.dir/opt/pico-sdk/lib/tinyusb/src/device/usbd.c.o
 .bss._usbd_mutex
                0x20001aa8        0x4 CMakeFiles/joystick_mood_selector.dir/opt/pico-sdk/lib/tinyusb/src/device/usbd.c.o
 .bss._usbd_q   0x20001aac        0x4 CMakeFiles/joystick_mood_selector.dir/opt/pico-sdk/lib/tinyusb/src/device/usbd.c.o
 .bss._usbd_qdef_buf
                0x20001ab0       0xc0 CMakeFiles/joystick_mood_selector.dir/opt/pico-sdk/lib/tinyusb/src/device/usbd.c.o
                0x20001ab0                _usbd_qdef_buf
 .bss._vendord_epbuf
                0x20001b70       0x80 CMakeFiles/joystick_mood_selector.dir/opt/pico-sdk/lib/tinyusb/src/class/vendor/vendor_device.c.o
 .bss._vendord_itf
                0x20001bf0      0x24c CMakeFiles/joystick_mood_selector.dir/opt/pico-sdk/lib/tinyusb/src/class/vendor/vendor_device.c.o
 .bss.body_dx   0x20001e3c        0x4 CMakeFiles/joystick_mood_selector.dir/main.c.o
 .bss.body_dy   0x20001e40        0x4 CMakeFiles/joystick_mood_selector.dir/main.c.o
 .bss.body_x_expand
                0x20001e44        0x4 CMakeFiles/joystick_mood_selector.dir/main.c.o
 .bss.boot2_copyout
                0x20001e48      0x100 CMakeFiles/joystick_mood_selector.dir/opt/pico-sdk/src/rp2_common/hardware_flash/flash.c.o
 .bss.chars_available_callback
                0x20001f48        0x4 CMakeFiles/joystick_mood_selector.dir/opt/pico-sdk/src/rp2_common/pico_stdio_usb/stdio_usb.c.o
 .bss.chars_available_param
                0x20001f4c        0x4 CMakeFiles/joystick_mood_selector.dir/opt/pico-sdk/src/rp2_common/pico_stdio_usb/stdio_usb.c.o
 .bss.claimed   0x20001f50        0x4 CMakeFiles/joystick_mood_selector.dir/opt/pico-sdk/src/rp2_common/hardware_sync/sync.c.o
 .bss.claimed   0x20001f54        0x1 CMakeFiles/joystick_mood_selector.dir/opt/pico-sdk/src/rp2_common/hardware_timer/timer.c.o
 *fill*         0x20001f55        0x3 
 .bss.configured_freq
                0x20001f58       0x28 CMakeFiles/joystick_mood_selector.dir/opt/pico-sdk/src/rp2_common/hardware_clocks/clocks.c.o
 .bss.desc_str.0
                0x20001f80       0x28 CMakeFiles/joystick_mood_selector.dir/opt/pico-sdk/src/rp2_common/pico_stdio_usb/stdio_usb_descriptors.c.o
 .bss.display_buf
                0x20001fa8      0xfa0 CMakeFiles/joystick_mood_selector.dir/main.c.o
 .bss.drivers   0x20002f48        0x4 CMakeFiles/joystick_mood_selector.dir/opt/pico-sdk/src/rp2_common/pico_stdio/stdio.c.o
 .bss.e15_last_sof
                0x20002f4c        0x4 CMakeFiles/joystick_mood_selector.dir/opt/pico-sdk/lib/tinyusb/src/portable/raspberrypi/rp2040/rp2040_usb.c.o
                0x20002f4c                e15_last_sof
 .bss.filter    0x20002f50        0x4 CMakeFiles/joystick_mood_selector.dir/opt/pico-sdk/src/rp2_common/pico_stdio/stdio.c.o
 .bss.frame     0x20002f54      0xf40 CMakeFiles/joystick_mood_selector.dir/main.c.o
 .bss.hw_endpoints
                0x20003e94      0x400 CMakeFiles/joystick_mood_selector.dir/opt/pico-sdk/lib/tinyusb/src/portable/raspberrypi/rp2040/dcd_rp2040.c.o
 .bss.last_input
                0x20004294        0xc CMakeFiles/joystick_mood_selector.dir/main.c.o
 .bss.lazy_vsnprintf
                0x200042a0        0x4 CMakeFiles/joystick_mood_selector.dir/opt/pico-sdk/src/rp2_common/pico_printf/printf.c.o
 .bss.load_value
                0x200042a4        0x4 CMakeFiles/joystick_mood_selector.dir/opt/pico-sdk/src/rp2_common/hardware_watchdog/watchdog.c.o
 .bss.next_buffer_ptr
                0x200042a8        0x4 CMakeFiles/joystick_mood_selector.dir/opt/pico-sdk/lib/tinyusb/src/portable/raspberrypi/rp2040/dcd_rp2040.c.o
 .bss.one_shot_timer_crit_sec
                0x200042ac        0x8 CMakeFiles/joystick_mood_selector.dir/opt/pico-sdk/src/rp2_common/pico_stdio_usb/stdio_usb.c.o
 .bss.pools     0x200042b4       0x10 CMakeFiles/joystick_mood_selector.dir/opt/pico-sdk/src/common/pico_time/time.c.o
 .bss.retrieved_id
                0x200042c4        0x8 CMakeFiles/joystick_mood_selector.dir/opt/pico-sdk/src/rp2_common/pico_unique_id/unique_id.c.o
 .bss.rng_state
                0x200042cc        0x4 CMakeFiles/joystick_mood_selector.dir/main.c.o
 .bss.sf_clz_func
                0x200042d0        0x4 CMakeFiles/joystick_mood_selector.dir/opt/pico-sdk/src/rp2_common/pico_double/double_init_rom_rp2040.c.o