** Drc report for dilder.kicad_pcb **
** Created on 2026-04-15T20:33:01 **
** Report includes: Errors, Warnings, Exclusions **

** Found 116 DRC violations **
[solder_mask_bridge]: Front solder mask aperture bridges items with different nets
    Rule: board setup solder mask min width; error
    @(29.0000 mm, 38.0000 mm): Via [GND] on F.Cu - B.Cu
    @(28.7500 mm, 37.6000 mm): Pad MP [<no net>] of J2 on F.Cu
[solder_mask_bridge]: Front solder mask aperture bridges items with different nets
    Rule: board setup solder mask min width; error
    @(26.5000 mm, 40.0000 mm): Pad 1 [/VBAT] of J2 on F.Cu
    @(24.1375 mm, 40.0500 mm): Pad 6 [GND] of Q1 on F.Cu
[solder_mask_bridge]: Front solder mask aperture bridges items with different nets
    Rule: board setup solder mask min width; error
    @(24.1375 mm, 41.9500 mm): Pad 4 [/CS_DRAIN] of Q1 on F.Cu
    @(26.5000 mm, 42.0000 mm): Pad 2 [/BAT_MINUS] of J2 on F.Cu
[solder_mask_bridge]: Front solder mask aperture bridges items with different nets
    Rule: board setup solder mask min width; error
    @(11.7500 mm, 62.9550 mm): Pad A1 [GND] of J1 on F.Cu
    @(11.7500 mm, 62.9550 mm): Pad B12 [<no net>] of J1 on F.Cu
[solder_mask_bridge]: Front solder mask aperture bridges items with different nets
    Rule: board setup solder mask min width; error
    @(2.0000 mm, 35.0000 mm): Via [3V3] on F.Cu - B.Cu
    @(3.0000 mm, 35.0000 mm): Pad 1 [<no net>] of D1 on F.Cu
[solder_mask_bridge]: Front solder mask aperture bridges items with different nets
    Rule: board setup solder mask min width; error
    @(12.5500 mm, 62.9550 mm): Pad A4 [PWR_FLAG] of J1 on F.Cu
    @(12.5500 mm, 62.9550 mm): Pad B9 [<no net>] of J1 on F.Cu
[solder_mask_bridge]: Front solder mask aperture bridges items with different nets
    Rule: board setup solder mask min width; error
    @(18.2500 mm, 62.9550 mm): Pad A12 [<no net>] of J1 on F.Cu
    @(18.2500 mm, 62.9550 mm): Pad B1 [<no net>] of J1 on F.Cu
[solder_mask_bridge]: Front solder mask aperture bridges items with different nets
    Rule: board setup solder mask min width; error
    @(10.5550 mm, 27.2500 mm): Pad 17 [/EPD_DC] of U1 on F.Cu
    @(11.8500 mm, 26.7000 mm): Pad 1 [GND] of U4 on F.Cu
[solder_mask_bridge]: Front solder mask aperture bridges items with different nets
    Rule: board setup solder mask min width; error
    @(16.9050 mm, 27.2500 mm): Pad 22 [<no net>] of U1 on F.Cu
    @(18.1500 mm, 29.0000 mm): Pad 2 [3V3] of U4 on F.Cu
[solder_mask_bridge]: Front solder mask aperture bridges items with different nets
    Rule: board setup solder mask min width; error
    @(11.8500 mm, 26.7000 mm): Pad 1 [GND] of U4 on F.Cu
    @(11.8250 mm, 27.2500 mm): Pad 18 [/EPD_RST] of U1 on F.Cu
[solder_mask_bridge]: Front solder mask aperture bridges items with different nets
    Rule: board setup solder mask min width; error
    @(17.4500 mm, 62.9550 mm): Pad A9 [<no net>] of J1 on F.Cu
    @(17.4500 mm, 62.9550 mm): Pad B4 [<no net>] of J1 on F.Cu
[solder_mask_bridge]: Front solder mask aperture bridges items with different nets
    Rule: board setup solder mask min width; error
    @(13.0950 mm, 27.2500 mm): Pad 19 [/EPD_CS] of U1 on F.Cu
    @(11.8500 mm, 26.7000 mm): Pad 1 [GND] of U4 on F.Cu
[solder_mask_bridge]: Front solder mask aperture bridges items with different nets
    Rule: board setup solder mask min width; error
    @(18.1750 mm, 27.2500 mm): Pad 23 [<no net>] of U1 on F.Cu
    @(18.1500 mm, 29.0000 mm): Pad 2 [3V3] of U4 on F.Cu
[solder_mask_bridge]: Front solder mask aperture bridges items with different nets
    Rule: board setup solder mask min width; error
    @(18.1500 mm, 29.0000 mm): Pad 2 [3V3] of U4 on F.Cu
    @(19.4450 mm, 27.2500 mm): Pad 24 [<no net>] of U1 on F.Cu
[starved_thermal]: Thermal relief connection to zone incomplete (layer F.Cu; zone min spoke count 2; actual 1)
    Local override; error
    @(0.0000 mm, 5.0000 mm): Zone [GND] on F.Cu, priority 0
    @(11.8500 mm, 26.7000 mm): Pad 1 [GND] of U4 on F.Cu
[drill_out_of_range]: Hole size out of range (board setup constraints min hole 0,3000 mm; actual 0,2000 mm)
    Rule: board setup constraints; error
    @(14.3000 mm, 33.8000 mm): PTH pad 9 [GND] of U2
[drill_out_of_range]: Hole size out of range (board setup constraints min hole 0,3000 mm; actual 0,2000 mm)
    Rule: board setup constraints; error
    @(14.3000 mm, 35.0000 mm): PTH pad 9 [GND] of U2
[drill_out_of_range]: Hole size out of range (board setup constraints min hole 0,3000 mm; actual 0,2000 mm)
    Rule: board setup constraints; error
    @(14.3000 mm, 36.2000 mm): PTH pad 9 [GND] of U2
[drill_out_of_range]: Hole size out of range (board setup constraints min hole 0,3000 mm; actual 0,2000 mm)
    Rule: board setup constraints; error
    @(15.7000 mm, 33.8000 mm): PTH pad 9 [GND] of U2
[drill_out_of_range]: Hole size out of range (board setup constraints min hole 0,3000 mm; actual 0,2000 mm)
    Rule: board setup constraints; error
    @(15.7000 mm, 35.0000 mm): PTH pad 9 [GND] of U2
[drill_out_of_range]: Hole size out of range (board setup constraints min hole 0,3000 mm; actual 0,2000 mm)
    Rule: board setup constraints; error
    @(15.7000 mm, 36.2000 mm): PTH pad 9 [GND] of U2
[drill_out_of_range]: Hole size out of range (board setup constraints min hole 0,3000 mm; actual 0,2000 mm)
    Rule: board setup constraints; error
    @(12.1000 mm, 16.5100 mm): PTH pad 41 [<no net>] of U1
[drill_out_of_range]: Hole size out of range (board setup constraints min hole 0,3000 mm; actual 0,2000 mm)
    Rule: board setup constraints; error
    @(12.1000 mm, 17.9100 mm): PTH pad 41 [<no net>] of U1
[drill_out_of_range]: Hole size out of range (board setup constraints min hole 0,3000 mm; actual 0,2000 mm)
    Rule: board setup constraints; error
    @(12.8000 mm, 15.8100 mm): PTH pad 41 [<no net>] of U1
[drill_out_of_range]: Hole size out of range (board setup constraints min hole 0,3000 mm; actual 0,2000 mm)
    Rule: board setup constraints; error
    @(12.8000 mm, 17.2100 mm): PTH pad 41 [<no net>] of U1
[drill_out_of_range]: Hole size out of range (board setup constraints min hole 0,3000 mm; actual 0,2000 mm)
    Rule: board setup constraints; error
    @(12.8000 mm, 18.6100 mm): PTH pad 41 [<no net>] of U1
[drill_out_of_range]: Hole size out of range (board setup constraints min hole 0,3000 mm; actual 0,2000 mm)
    Rule: board setup constraints; error
    @(13.5000 mm, 16.5100 mm): PTH pad 41 [<no net>] of U1
[drill_out_of_range]: Hole size out of range (board setup constraints min hole 0,3000 mm; actual 0,2000 mm)
    Rule: board setup constraints; error
    @(13.5000 mm, 17.9100 mm): PTH pad 41 [<no net>] of U1
[drill_out_of_range]: Hole size out of range (board setup constraints min hole 0,3000 mm; actual 0,2000 mm)
    Rule: board setup constraints; error
    @(14.2000 mm, 15.8100 mm): PTH pad 41 [<no net>] of U1
[drill_out_of_range]: Hole size out of range (board setup constraints min hole 0,3000 mm; actual 0,2000 mm)
    Rule: board setup constraints; error
    @(14.2000 mm, 17.2100 mm): PTH pad 41 [<no net>] of U1
[drill_out_of_range]: Hole size out of range (board setup constraints min hole 0,3000 mm; actual 0,2000 mm)
    Rule: board setup constraints; error
    @(14.2000 mm, 18.6100 mm): PTH pad 41 [<no net>] of U1
[drill_out_of_range]: Hole size out of range (board setup constraints min hole 0,3000 mm; actual 0,2000 mm)
    Rule: board setup constraints; error
    @(14.9000 mm, 16.5100 mm): PTH pad 41 [<no net>] of U1
[drill_out_of_range]: Hole size out of range (board setup constraints min hole 0,3000 mm; actual 0,2000 mm)
    Rule: board setup constraints; error
    @(14.9000 mm, 17.9100 mm): PTH pad 41 [<no net>] of U1
[copper_edge_clearance]: Board edge clearance violation (board setup constraints edge clearance 0,5000 mm; actual 0,0000 mm)
    Rule: board setup constraints edge; error
    @(0.0000 mm, 0.0000 mm): Rectangle on Edge.Cuts
    @(28.7500 mm, 37.6000 mm): Pad MP [<no net>] of J2 on F.Cu
[copper_edge_clearance]: Board edge clearance violation (board setup constraints edge clearance 0,5000 mm; actual 0,0000 mm)
    Rule: board setup constraints edge; error
    @(0.0000 mm, 0.0000 mm): Rectangle on Edge.Cuts
    @(28.7500 mm, 44.4000 mm): Pad MP [<no net>] of J2 on F.Cu
[courtyards_overlap]: Courtyards overlap
    Rule: board setup constraints courtyard; error
    @(27.0000 mm, 41.0000 mm): Footprint J2
    @(23.0000 mm, 47.0000 mm): Footprint J3
[courtyards_overlap]: Courtyards overlap
    Rule: board setup constraints courtyard; error
    @(27.0000 mm, 41.0000 mm): Footprint J2
    @(23.0000 mm, 41.0000 mm): Footprint Q1
[courtyards_overlap]: Courtyards overlap
    Rule: board setup constraints courtyard; error
    @(3.0000 mm, 8.0000 mm): Footprint C3
    @(15.0000 mm, 14.7500 mm): Footprint U1
[courtyards_overlap]: Courtyards overlap
    Rule: board setup constraints courtyard; error
    @(27.0000 mm, 8.0000 mm): Footprint D2
    @(15.0000 mm, 14.7500 mm): Footprint U1
[courtyards_overlap]: Courtyards overlap
    Rule: board setup constraints courtyard; error
    @(15.0000 mm, 35.0000 mm): Footprint U2
    @(15.0000 mm, 29.0000 mm): Footprint U4
[courtyards_overlap]: Courtyards overlap
    Rule: board setup constraints courtyard; error
    @(15.0000 mm, 29.0000 mm): Footprint U4
    @(15.0000 mm, 14.7500 mm): Footprint U1
[shorting_items]: Items shorting two nets (nets  and GND)
    Local override; error
    @(28.7500 mm, 37.6000 mm): Pad MP [<no net>] of J2 on F.Cu
    @(29.0000 mm, 38.0000 mm): Via [GND] on F.Cu - B.Cu
[clearance]: Clearance violation (zone clearance 0,5000 mm; actual 0,0000 mm)
    Local override; error
    @(3.0000 mm, 11.0000 mm): Via [GND] on F.Cu - B.Cu
    @(0.0000 mm, 5.0000 mm): Zone [3V3] on In2.Cu, priority 0
[hole_clearance]: Hole clearance violation (board setup constraints hole clearance 0,2500 mm; actual 0,0000 mm)
    Rule: board setup constraints hole; error
    @(3.0000 mm, 11.0000 mm): Via [GND] on F.Cu - B.Cu
    @(0.0000 mm, 5.0000 mm): Zone [3V3] on In2.Cu, priority 0
[hole_clearance]: Hole clearance violation (board setup constraints hole clearance 0,2500 mm; actual 0,0000 mm)
    Rule: board setup constraints hole; error
    @(18.0000 mm, 65.0000 mm): Via [GND] on F.Cu - B.Cu
    @(17.8900 mm, 64.4000 mm): NPTH pad of J1
[shorting_items]: Items shorting two nets (nets 3V3 and )
    Local override; error
    @(2.0000 mm, 35.0000 mm): Via [3V3] on F.Cu - B.Cu
    @(3.0000 mm, 35.0000 mm): Pad 1 [<no net>] of D1 on F.Cu
[hole_clearance]: Hole clearance violation (board setup constraints hole clearance 0,2500 mm; actual 0,0000 mm)
    Rule: board setup constraints hole; error
    @(12.0000 mm, 65.0000 mm): Via [GND] on F.Cu - B.Cu
    @(12.1100 mm, 64.4000 mm): NPTH pad of J1
[shorting_items]: Items shorting two nets (nets /VBAT and GND)
    Local override; error
    @(26.5000 mm, 40.0000 mm): Pad 1 [/VBAT] of J2 on F.Cu
    @(24.1375 mm, 40.0500 mm): Pad 6 [GND] of Q1 on F.Cu
[hole_clearance]: Hole clearance violation (board setup constraints hole clearance 0,2500 mm; actual 0,0000 mm)
    Rule: board setup constraints hole; error
    @(3.0000 mm, 35.0000 mm): Pad 1 [<no net>] of D1 on F.Cu
    @(2.0000 mm, 35.0000 mm): Via [3V3] on F.Cu - B.Cu
[shorting_items]: Items shorting two nets (nets GND and /EPD_DC)
    Local override; error
    @(11.8500 mm, 26.7000 mm): Pad 1 [GND] of U4 on F.Cu
    @(10.5550 mm, 27.2500 mm): Pad 17 [/EPD_DC] of U1 on F.Cu
[shorting_items]: Items shorting two nets (nets /BAT_MINUS and /CS_DRAIN)
    Local override; error
    @(26.5000 mm, 42.0000 mm): Pad 2 [/BAT_MINUS] of J2 on F.Cu
    @(24.1375 mm, 41.9500 mm): Pad 4 [/CS_DRAIN] of Q1 on F.Cu
[hole_clearance]: Hole clearance violation (board setup constraints hole clearance 0,2500 mm; actual 0,1350 mm)
    Rule: board setup constraints hole; error
    @(12.1100 mm, 64.4000 mm): NPTH pad of J1
    @(12.0000 mm, 65.0000 mm): Via [GND] on F.Cu - B.Cu
[shorting_items]: Items shorting two nets (nets GND and /EPD_RST)
    Local override; error
    @(11.8500 mm, 26.7000 mm): Pad 1 [GND] of U4 on F.Cu
    @(11.8250 mm, 27.2500 mm): Pad 18 [/EPD_RST] of U1 on F.Cu
[shorting_items]: Items shorting two nets (nets GND and /EPD_CS)
    Local override; error
    @(11.8500 mm, 26.7000 mm): Pad 1 [GND] of U4 on F.Cu
    @(13.0950 mm, 27.2500 mm): Pad 19 [/EPD_CS] of U1 on F.Cu
[hole_clearance]: Hole clearance violation (board setup constraints hole clearance 0,2500 mm; actual 0,0000 mm)
    Rule: board setup constraints hole; error
    @(28.7500 mm, 37.6000 mm): Pad MP [<no net>] of J2 on F.Cu
    @(29.0000 mm, 38.0000 mm): Via [GND] on F.Cu - B.Cu
[clearance]: Clearance violation ( clearance 0,2000 mm; actual 0,1500 mm)
    Local override; error
    @(5.2375 mm, 46.2500 mm): Pad 1 [/I2C_SCL] of U5 on F.Cu
    @(5.7500 mm, 46.2375 mm): Pad 12 [/ACCEL_INT1] of U5 on F.Cu
[clearance]: Clearance violation ( clearance 0,2000 mm; actual 0,1500 mm)
    Local override; error
    @(5.2375 mm, 46.2500 mm): Pad 1 [/I2C_SCL] of U5 on F.Cu
    @(5.2375 mm, 46.7500 mm): Pad 2 [3V3] of U5 on F.Cu
[hole_clearance]: Hole clearance violation (board setup constraints hole clearance 0,2500 mm; actual 0,1350 mm)
    Rule: board setup constraints hole; error
    @(17.8900 mm, 64.4000 mm): NPTH pad of J1
    @(18.0000 mm, 65.0000 mm): Via [GND] on F.Cu - B.Cu
[clearance]: Clearance violation ( clearance 0,2000 mm; actual 0,1500 mm)
    Local override; error
    @(5.2375 mm, 46.7500 mm): Pad 2 [3V3] of U5 on F.Cu
    @(5.2375 mm, 47.2500 mm): Pad 3 [GND] of U5 on F.Cu
[clearance]: Clearance violation ( clearance 0,2000 mm; actual 0,1500 mm)
    Local override; error
    @(5.2375 mm, 47.2500 mm): Pad 3 [GND] of U5 on F.Cu
    @(5.2375 mm, 47.7500 mm): Pad 4 [/I2C_SDA] of U5 on F.Cu
[clearance]: Clearance violation ( clearance 0,2000 mm; actual 0,1500 mm)
    Local override; error
    @(5.2375 mm, 47.7500 mm): Pad 4 [/I2C_SDA] of U5 on F.Cu
    @(5.7500 mm, 47.7625 mm): Pad 5 [<no net>] of U5 on F.Cu
[clearance]: Clearance violation ( clearance 0,2000 mm; actual 0,0000 mm)
    Local override; error
    @(11.7500 mm, 62.9550 mm): Pad A1 [GND] of J1 on F.Cu
    @(11.7500 mm, 62.9550 mm): Pad B12 [<no net>] of J1 on F.Cu
[clearance]: Clearance violation ( clearance 0,2000 mm; actual 0,0000 mm)
    Local override; error
    @(18.1500 mm, 29.0000 mm): Pad 2 [3V3] of U4 on F.Cu
    @(19.4450 mm, 27.2500 mm): Pad 24 [<no net>] of U1 on F.Cu
[clearance]: Clearance violation ( clearance 0,2000 mm; actual 0,0000 mm)
    Local override; error
    @(18.1500 mm, 29.0000 mm): Pad 2 [3V3] of U4 on F.Cu
    @(16.9050 mm, 27.2500 mm): Pad 22 [<no net>] of U1 on F.Cu
[clearance]: Clearance violation ( clearance 0,2000 mm; actual 0,0000 mm)
    Local override; error
    @(18.1500 mm, 29.0000 mm): Pad 2 [3V3] of U4 on F.Cu
    @(18.1750 mm, 27.2500 mm): Pad 23 [<no net>] of U1 on F.Cu
[clearance]: Clearance violation ( clearance 0,2000 mm; actual 0,1500 mm)
    Local override; error
    @(5.7500 mm, 47.7625 mm): Pad 5 [<no net>] of U5 on F.Cu
    @(6.2500 mm, 47.7625 mm): Pad 6 [GND] of U5 on F.Cu
[clearance]: Clearance violation ( clearance 0,2000 mm; actual 0,0000 mm)
    Local override; error
    @(12.5500 mm, 62.9550 mm): Pad A4 [PWR_FLAG] of J1 on F.Cu
    @(12.5500 mm, 62.9550 mm): Pad B9 [<no net>] of J1 on F.Cu
[clearance]: Clearance violation ( clearance 0,2000 mm; actual 0,1500 mm)
    Local override; error
    @(6.2500 mm, 47.7625 mm): Pad 6 [GND] of U5 on F.Cu
    @(6.7625 mm, 47.7500 mm): Pad 7 [<no net>] of U5 on F.Cu
[clearance]: Clearance violation ( clearance 0,2000 mm; actual 0,1500 mm)
    Local override; error
    @(6.7625 mm, 47.7500 mm): Pad 7 [<no net>] of U5 on F.Cu
    @(6.7625 mm, 47.2500 mm): Pad 8 [<no net>] of U5 on F.Cu
[clearance]: Clearance violation ( clearance 0,2000 mm; actual 0,1500 mm)
    Local override; error
    @(6.7625 mm, 47.2500 mm): Pad 8 [<no net>] of U5 on F.Cu
    @(6.7625 mm, 46.7500 mm): Pad 9 [3V3] of U5 on F.Cu
[clearance]: Clearance violation ( clearance 0,2000 mm; actual 0,1500 mm)
    Local override; error
    @(6.7625 mm, 46.7500 mm): Pad 9 [3V3] of U5 on F.Cu
    @(6.7625 mm, 46.2500 mm): Pad 10 [<no net>] of U5 on F.Cu
[clearance]: Clearance violation ( clearance 0,2000 mm; actual 0,1500 mm)
    Local override; error
    @(6.7625 mm, 46.2500 mm): Pad 10 [<no net>] of U5 on F.Cu
    @(6.2500 mm, 46.2375 mm): Pad 11 [<no net>] of U5 on F.Cu
[clearance]: Clearance violation ( clearance 0,2000 mm; actual 0,1500 mm)
    Local override; error
    @(6.2500 mm, 46.2375 mm): Pad 11 [<no net>] of U5 on F.Cu
    @(5.7500 mm, 46.2375 mm): Pad 12 [/ACCEL_INT1] of U5 on F.Cu
[clearance]: Clearance violation ( clearance 0,2000 mm; actual 0,0000 mm)
    Local override; error
    @(17.4500 mm, 62.9550 mm): Pad A9 [<no net>] of J1 on F.Cu
    @(17.4500 mm, 62.9550 mm): Pad B4 [<no net>] of J1 on F.Cu
[clearance]: Clearance violation ( clearance 0,2000 mm; actual 0,0000 mm)
    Local override; error
    @(18.2500 mm, 62.9550 mm): Pad A12 [<no net>] of J1 on F.Cu
    @(18.2500 mm, 62.9550 mm): Pad B1 [<no net>] of J1 on F.Cu
[silk_overlap]: Silkscreen clearance
    Rule: board setup constraints silk; warning
    @(5.0000 mm, 27.8400 mm): Reference field of C5
    @(5.8000 mm, 26.7000 mm): Segment of U1 on F.Silkscreen
[silk_overlap]: Silkscreen clearance
    Rule: board setup constraints silk; warning
    @(5.0000 mm, 27.8400 mm): Reference field of C5
    @(5.8000 mm, 27.7000 mm): Segment of U1 on F.Silkscreen
[silk_overlap]: Silkscreen clearance
    Rule: board setup constraints silk; warning
    @(12.9400 mm, 32.4400 mm): Segment of U2 on F.Silkscreen
    @(16.9100 mm, 32.4100 mm): Segment of U4 on F.Silkscreen
[silk_overlap]: Silkscreen clearance
    Rule: board setup constraints silk; warning
    @(12.9400 mm, 32.4400 mm): Segment of U2 on F.Silkscreen
    @(13.1500 mm, 32.4100 mm): Segment of U4 on F.Silkscreen
[silk_overlap]: Silkscreen clearance
    Rule: board setup constraints silk; warning
    @(24.2000 mm, 27.7000 mm): Segment of U1 on F.Silkscreen
    @(25.0000 mm, 27.8400 mm): Reference field of C6
[silk_overlap]: Silkscreen clearance
    Rule: board setup constraints silk; warning
    @(24.2000 mm, 27.7000 mm): Segment of U1 on F.Silkscreen
    @(25.0000 mm, 27.8400 mm): Reference field of C6
[silk_overlap]: Silkscreen clearance
    Rule: board setup constraints silk; warning
    @(23.0000 mm, 43.0200 mm): Reference field of J3
    @(23.9100 mm, 42.5600 mm): Segment of Q1 on F.Silkscreen
[silk_overlap]: Silkscreen clearance
    Rule: board setup constraints silk; warning
    @(6.8464 mm, 64.3800 mm): Segment of R8 on F.Silkscreen
    @(7.0000 mm, 64.8300 mm): Reference field of R9
[silk_over_copper]: Silkscreen clipped by solder mask
    Local override; warning
    @(16.9100 mm, 25.5900 mm): Segment of U4 on F.Silkscreen
    @(16.9050 mm, 27.2500 mm): Pad 22 [<no net>] of U1 on F.Cu
[silk_over_copper]: Silkscreen clipped by solder mask
    Local override; warning
    @(28.1100 mm, 47.7150 mm): Segment of J3 on F.Silkscreen
    @(28.7500 mm, 44.4000 mm): Pad MP [<no net>] of J2 on F.Cu
[silk_over_copper]: Silkscreen clipped by solder mask
    Local override; warning
    @(26.9900 mm, 45.0850 mm): Segment of J2 on F.Silkscreen
    @(26.5000 mm, 45.0000 mm): Pad 8 [/EPD_BUSY] of J3 on F.Cu
[silk_over_copper]: Silkscreen clipped by solder mask
    Local override; warning
    @(28.1100 mm, 45.2150 mm): Segment of J3 on F.Silkscreen
    @(28.7500 mm, 44.4000 mm): Pad MP [<no net>] of J2 on F.Cu
[silk_over_copper]: Silkscreen clipped by solder mask
    Local override; warning
    @(23.9100 mm, 39.4400 mm): Segment of Q1 on F.Silkscreen
    @(26.5000 mm, 40.0000 mm): Pad 1 [/VBAT] of J2 on F.Cu
[silk_over_copper]: Silkscreen clipped by solder mask
    Local override; warning
    @(23.9100 mm, 42.5100 mm): Segment of Q1 on F.Silkscreen
    @(26.5000 mm, 42.0000 mm): Pad 2 [/BAT_MINUS] of J2 on F.Cu
[silk_over_copper]: Silkscreen clipped by solder mask
    Local override; warning
    @(7.0000 mm, 64.8300 mm): Reference field of R9
    @(7.5100 mm, 64.0000 mm): Pad 2 [GND] of R8 on F.Cu
[silk_over_copper]: Silkscreen clipped by solder mask
    Local override; warning
    @(7.0000 mm, 64.8300 mm): Reference field of R9
    @(6.4900 mm, 64.0000 mm): Pad 1 [/CC1] of R8 on F.Cu
[hole_to_hole]: Drilled hole too close to other hole (board setup constraints min 0,2495 mm; actual 0,1350 mm)
    Rule: board setup constraints; warning
    @(18.0000 mm, 65.0000 mm): Via [GND] on F.Cu - B.Cu
    @(17.8900 mm, 64.4000 mm): NPTH pad of J1
[hole_to_hole]: Drilled hole too close to other hole (board setup constraints min 0,2495 mm; actual 0,1350 mm)
    Rule: board setup constraints; warning
    @(12.0000 mm, 65.0000 mm): Via [GND] on F.Cu - B.Cu
    @(12.1100 mm, 64.4000 mm): NPTH pad of J1
[hole_to_hole]: Drilled hole too close to other hole (board setup constraints min 0,2495 mm; actual 0,1350 mm)
    Rule: board setup constraints; warning
    @(12.0000 mm, 65.0000 mm): Via [GND] on F.Cu - B.Cu
    @(12.1100 mm, 64.4000 mm): NPTH pad of J1
[hole_to_hole]: Drilled hole too close to other hole (board setup constraints min 0,2495 mm; actual 0,1350 mm)
    Rule: board setup constraints; warning
    @(18.0000 mm, 65.0000 mm): Via [GND] on F.Cu - B.Cu
    @(17.8900 mm, 64.4000 mm): NPTH pad of J1
[silk_edge_clearance]: Silkscreen clipped by board edge
    Rule: board setup constraints silk; warning
    @(0.0000 mm, 0.0000 mm): Rectangle on Edge.Cuts
    @(10.3000 mm, 69.0000 mm): Segment of J1 on F.Silkscreen
[silk_edge_clearance]: Silkscreen clipped by board edge
    Rule: board setup constraints silk; warning
    @(0.0000 mm, 0.0000 mm): Rectangle on Edge.Cuts
    @(19.7000 mm, 69.0000 mm): Segment of J1 on F.Silkscreen
[via_dangling]: Via is not connected or connected on only one layer
    Local override; warning
    @(3.0000 mm, 7.0000 mm): Via [GND] on F.Cu - B.Cu
[via_dangling]: Via is not connected or connected on only one layer
    Local override; warning
    @(20.0000 mm, 29.0000 mm): Via [3V3] on F.Cu - B.Cu
[via_dangling]: Via is not connected or connected on only one layer
    Local override; warning
    @(15.0000 mm, 6.0000 mm): Via [3V3] on F.Cu - B.Cu
[via_dangling]: Via is not connected or connected on only one layer
    Local override; warning
    @(13.0000 mm, 6.0000 mm): Via [3V3] on F.Cu - B.Cu
[via_dangling]: Via is not connected or connected on only one layer
    Local override; warning
    @(2.0000 mm, 45.0000 mm): Via [3V3] on F.Cu - B.Cu
[via_dangling]: Via is not connected or connected on only one layer
    Local override; warning
    @(17.0000 mm, 6.0000 mm): Via [3V3] on F.Cu - B.Cu
[via_dangling]: Via is not connected or connected on only one layer
    Local override; warning
    @(22.0000 mm, 29.0000 mm): Via [3V3] on F.Cu - B.Cu
[via_dangling]: Via is not connected or connected on only one layer
    Local override; warning
    @(28.0000 mm, 15.0000 mm): Via [3V3] on F.Cu - B.Cu
[via_dangling]: Via is not connected or connected on only one layer
    Local override; warning
    @(2.0000 mm, 55.0000 mm): Via [3V3] on F.Cu - B.Cu
[via_dangling]: Via is not connected or connected on only one layer
    Local override; warning
    @(2.0000 mm, 65.0000 mm): Via [3V3] on F.Cu - B.Cu
[via_dangling]: Via is not connected or connected on only one layer
    Local override; warning
    @(2.0000 mm, 15.0000 mm): Via [3V3] on F.Cu - B.Cu
[via_dangling]: Via is not connected or connected on only one layer
    Local override; warning
    @(9.0000 mm, 47.0000 mm): Via [3V3] on F.Cu - B.Cu
[via_dangling]: Via is not connected or connected on only one layer
    Local override; warning
    @(20.0000 mm, 47.0000 mm): Via [3V3] on F.Cu - B.Cu
[via_dangling]: Via is not connected or connected on only one layer
    Local override; warning
    @(2.0000 mm, 25.0000 mm): Via [3V3] on F.Cu - B.Cu
[via_dangling]: Via is not connected or connected on only one layer
    Local override; warning
    @(28.0000 mm, 35.0000 mm): Via [3V3] on F.Cu - B.Cu
[via_dangling]: Via is not connected or connected on only one layer
    Local override; warning
    @(28.0000 mm, 25.0000 mm): Via [3V3] on F.Cu - B.Cu
[isolated_copper]: Isolated copper fill
    Local override; warning
    @(0.0000 mm, 5.0000 mm): Zone [3V3] on In2.Cu, priority 0
[isolated_copper]: Isolated copper fill
    Local override; warning
    @(0.0000 mm, 5.0000 mm): Zone [3V3] on In2.Cu, priority 0
[isolated_copper]: Isolated copper fill
    Local override; warning
    @(0.0000 mm, 5.0000 mm): Zone [3V3] on In2.Cu, priority 0

** Found 53 unconnected pads **
[unconnected_items]: Missing connection between items
    Local override; error
    @(3.0000 mm, 15.4900 mm): Pad 2 [/EN] of R10 on F.Cu
    @(25.5200 mm, 52.0000 mm): Pad 1 [/EN] of C8 on F.Cu
[unconnected_items]: Missing connection between items
    Local override; error
    @(6.2500 mm, 12.0300 mm): Pad 3 [/EN] of U1 on F.Cu
    @(3.0000 mm, 15.4900 mm): Pad 2 [/EN] of R10 on F.Cu
[unconnected_items]: Missing connection between items
    Local override; error
    @(1.0000 mm, 8.0000 mm): Via [GND] on F.Cu - B.Cu
    @(3.0000 mm, 7.5200 mm): Pad 2 [GND] of C3 on F.Cu
[unconnected_items]: Missing connection between items
    Local override; error
    @(3.0000 mm, 7.5200 mm): Pad 2 [GND] of C3 on F.Cu
    @(3.0000 mm, 11.0000 mm): Via [GND] on F.Cu - B.Cu
[unconnected_items]: Missing connection between items
    Local override; error
    @(0.0000 mm, 5.0000 mm): Zone [GND] on F.Cu, priority 0
    @(5.2375 mm, 47.2500 mm): Pad 3 [GND] of U5 on F.Cu
[unconnected_items]: Missing connection between items
    Local override; error
    @(6.2500 mm, 47.7625 mm): Pad 6 [GND] of U5 on F.Cu
    @(5.2375 mm, 47.2500 mm): Pad 3 [GND] of U5 on F.Cu
[unconnected_items]: Missing connection between items
    Local override; error
    @(0.0000 mm, 5.0000 mm): Zone [GND] on F.Cu, priority 0
    @(11.7500 mm, 62.9550 mm): Pad A1 [GND] of J1 on F.Cu
[unconnected_items]: Missing connection between items
    Local override; error
    @(24.1375 mm, 40.0500 mm): Pad 6 [GND] of Q1 on F.Cu
    @(29.0000 mm, 38.0000 mm): Via [GND] on F.Cu - B.Cu
[unconnected_items]: Missing connection between items
    Local override; error
    @(2.0000 mm, 15.0000 mm): Via [3V3] on F.Cu - B.Cu
    @(3.0000 mm, 16.5100 mm): Pad 1 [3V3] of R10 on F.Cu
[unconnected_items]: Missing connection between items
    Local override; error
    @(2.0000 mm, 15.0000 mm): Via [3V3] on F.Cu - B.Cu
    @(3.0000 mm, 12.4800 mm): Pad 1 [3V3] of C4 on F.Cu
[unconnected_items]: Missing connection between items
    Local override; error
    @(2.0000 mm, 45.0000 mm): Via [3V3] on F.Cu - B.Cu
    @(3.0000 mm, 45.5100 mm): Pad 1 [3V3] of R4 on F.Cu
[unconnected_items]: Missing connection between items
    Local override; error
    @(3.0000 mm, 20.5100 mm): Pad 1 [3V3] of R11 on F.Cu
    @(3.0000 mm, 16.5100 mm): Pad 1 [3V3] of R10 on F.Cu
[unconnected_items]: Missing connection between items
    Local override; error
    @(3.0000 mm, 49.5100 mm): Pad 1 [3V3] of R5 on F.Cu
    @(5.2375 mm, 46.7500 mm): Pad 2 [3V3] of U5 on F.Cu
[unconnected_items]: Missing connection between items
    Local override; error
    @(5.2375 mm, 46.7500 mm): Pad 2 [3V3] of U5 on F.Cu
    @(6.7625 mm, 46.7500 mm): Pad 9 [3V3] of U5 on F.Cu
[unconnected_items]: Missing connection between items
    Local override; error
    @(6.2500 mm, 10.7600 mm): Pad 2 [3V3] of U1 on F.Cu
    @(3.0000 mm, 12.4800 mm): Pad 1 [3V3] of C4 on F.Cu
[unconnected_items]: Missing connection between items
    Local override; error
    @(6.2500 mm, 10.7600 mm): Pad 2 [3V3] of U1 on F.Cu
    @(3.0000 mm, 8.4800 mm): Pad 1 [3V3] of C3 on F.Cu
[unconnected_items]: Missing connection between items
    Local override; error
    @(6.2500 mm, 10.7600 mm): Pad 2 [3V3] of U1 on F.Cu
    @(13.0000 mm, 6.0000 mm): Via [3V3] on F.Cu - B.Cu
[unconnected_items]: Missing connection between items
    Local override; error
    @(9.0000 mm, 47.0000 mm): Via [3V3] on F.Cu - B.Cu
    @(9.5200 mm, 45.0000 mm): Pad 1 [3V3] of C7 on F.Cu
[unconnected_items]: Missing connection between items
    Local override; error
    @(9.0000 mm, 47.0000 mm): Via [3V3] on F.Cu - B.Cu
    @(6.7625 mm, 46.7500 mm): Pad 9 [3V3] of U5 on F.Cu
[unconnected_items]: Missing connection between items
    Local override; error
    @(15.0000 mm, 6.0000 mm): Via [3V3] on F.Cu - B.Cu
    @(13.0000 mm, 6.0000 mm): Via [3V3] on F.Cu - B.Cu
[unconnected_items]: Missing connection between items
    Local override; error
    @(17.0000 mm, 6.0000 mm): Via [3V3] on F.Cu - B.Cu
    @(15.0000 mm, 6.0000 mm): Via [3V3] on F.Cu - B.Cu
[unconnected_items]: Missing connection between items
    Local override; error
    @(18.1500 mm, 29.0000 mm): Pad 2 [3V3] of U4 on F.Cu
    @(20.0000 mm, 29.0000 mm): Via [3V3] on F.Cu - B.Cu
[unconnected_items]: Missing connection between items
    Local override; error
    @(18.1500 mm, 29.0000 mm): Pad 2 [3V3] of U4 on F.Cu
    @(11.8500 mm, 29.0000 mm): Pad 2 [3V3] of U4 on F.Cu
[unconnected_items]: Missing connection between items
    Local override; error
    @(19.5000 mm, 45.0000 mm): Pad 1 [3V3] of J3 on F.Cu
    @(20.0000 mm, 47.0000 mm): Via [3V3] on F.Cu - B.Cu
[unconnected_items]: Missing connection between items
    Local override; error
    @(24.5200 mm, 29.0000 mm): Pad 1 [3V3] of C6 on F.Cu
    @(22.0000 mm, 29.0000 mm): Via [3V3] on F.Cu - B.Cu
[unconnected_items]: Missing connection between items
    Local override; error
    @(8.1375 mm, 41.0000 mm): Pad 5 [/VBAT] of U3 on F.Cu
    @(8.1375 mm, 41.9500 mm): Pad 4 [/VBAT] of U3 on F.Cu
[unconnected_items]: Missing connection between items
    Local override; error
    @(11.8500 mm, 31.3000 mm): Pad 3 [/VBAT] of U4 on F.Cu
    @(4.5200 mm, 29.0000 mm): Pad 1 [/VBAT] of C5 on F.Cu
[unconnected_items]: Missing connection between items
    Local override; error
    @(17.4750 mm, 36.9050 mm): Pad 5 [/VBAT] of U2 on F.Cu
    @(11.8500 mm, 31.3000 mm): Pad 3 [/VBAT] of U4 on F.Cu
[unconnected_items]: Missing connection between items
    Local override; error
    @(17.4750 mm, 36.9050 mm): Pad 5 [/VBAT] of U2 on F.Cu
    @(26.5000 mm, 40.0000 mm): Pad 1 [/VBAT] of J2 on F.Cu
[unconnected_items]: Missing connection between items
    Local override; error
    @(17.4750 mm, 36.9050 mm): Pad 5 [/VBAT] of U2 on F.Cu
    @(8.1375 mm, 41.0000 mm): Pad 5 [/VBAT] of U3 on F.Cu
[unconnected_items]: Missing connection between items
    Local override; error
    @(21.8625 mm, 40.0500 mm): Pad 1 [/BAT_MINUS] of Q1 on F.Cu
    @(26.5000 mm, 42.0000 mm): Pad 2 [/BAT_MINUS] of J2 on F.Cu
[unconnected_items]: Missing connection between items
    Local override; error
    @(5.8625 mm, 40.0500 mm): Pad 1 [/OD] of U3 on F.Cu
    @(21.8625 mm, 41.0000 mm): Pad 2 [/OD] of Q1 on F.Cu
[unconnected_items]: Missing connection between items
    Local override; error
    @(8.1375 mm, 40.0500 mm): Pad 6 [/CS_DRAIN] of U3 on F.Cu
    @(5.8625 mm, 41.0000 mm): Pad 2 [/CS_DRAIN] of U3 on F.Cu
[unconnected_items]: Missing connection between items
    Local override; error
    @(21.8625 mm, 41.9500 mm): Pad 3 [/CS_DRAIN] of Q1 on F.Cu
    @(24.1375 mm, 41.9500 mm): Pad 4 [/CS_DRAIN] of Q1 on F.Cu
[unconnected_items]: Missing connection between items
    Local override; error
    @(21.8625 mm, 41.9500 mm): Pad 3 [/CS_DRAIN] of Q1 on F.Cu
    @(8.1375 mm, 40.0500 mm): Pad 6 [/CS_DRAIN] of U3 on F.Cu
[unconnected_items]: Missing connection between items
    Local override; error
    @(5.8625 mm, 41.9500 mm): Pad 3 [/OC] of U3 on F.Cu
    @(24.1375 mm, 41.0000 mm): Pad 5 [/OC] of Q1 on F.Cu
[unconnected_items]: Missing connection between items
    Local override; error
    @(3.0000 mm, 48.4900 mm): Pad 2 [/I2C_SCL] of R5 on F.Cu
    @(5.2375 mm, 46.2500 mm): Pad 1 [/I2C_SCL] of U5 on F.Cu
[unconnected_items]: Missing connection between items
    Local override; error
    @(5.2375 mm, 46.2500 mm): Pad 1 [/I2C_SCL] of U5 on F.Cu
    @(6.2500 mm, 20.9200 mm): Pad 10 [/I2C_SCL] of U1 on F.Cu
[unconnected_items]: Missing connection between items
    Local override; error
    @(9.2850 mm, 27.2500 mm): Pad 16 [/EPD_MOSI] of U1 on F.Cu
    @(21.5000 mm, 45.0000 mm): Pad 3 [/EPD_MOSI] of J3 on F.Cu
[unconnected_items]: Missing connection between items
    Local override; error
    @(8.0150 mm, 27.2500 mm): Pad 15 [/EPD_CLK] of U1 on F.Cu
    @(22.5000 mm, 45.0000 mm): Pad 4 [/EPD_CLK] of J3 on F.Cu
[unconnected_items]: Missing connection between items
    Local override; error
    @(13.0950 mm, 27.2500 mm): Pad 19 [/EPD_CS] of U1 on F.Cu
    @(23.5000 mm, 45.0000 mm): Pad 5 [/EPD_CS] of J3 on F.Cu
[unconnected_items]: Missing connection between items
    Local override; error
    @(10.5550 mm, 27.2500 mm): Pad 17 [/EPD_DC] of U1 on F.Cu
    @(24.5000 mm, 45.0000 mm): Pad 6 [/EPD_DC] of J3 on F.Cu
[unconnected_items]: Missing connection between items
    Local override; error
    @(11.8250 mm, 27.2500 mm): Pad 18 [/EPD_RST] of U1 on F.Cu
    @(25.5000 mm, 45.0000 mm): Pad 7 [/EPD_RST] of J3 on F.Cu
[unconnected_items]: Missing connection between items
    Local override; error
    @(14.3650 mm, 27.2500 mm): Pad 20 [/EPD_BUSY] of U1 on F.Cu
    @(26.5000 mm, 45.0000 mm): Pad 8 [/EPD_BUSY] of J3 on F.Cu
[unconnected_items]: Missing connection between items
    Local override; error
    @(3.0000 mm, 19.4900 mm): Pad 2 [/BOOT] of R11 on F.Cu
    @(23.7500 mm, 26.0000 mm): Pad 27 [/BOOT] of U1 on F.Cu
[unconnected_items]: Missing connection between items
    Local override; error
    @(6.4900 mm, 64.0000 mm): Pad 1 [/CC1] of R8 on F.Cu
    @(13.7500 mm, 62.9550 mm): Pad A5 [/CC1] of J1 on F.Cu
[unconnected_items]: Missing connection between items
    Local override; error
    @(12.5250 mm, 36.9050 mm): Pad 4 [/VBUS_CHG] of U2 on F.Cu
    @(17.4750 mm, 33.0950 mm): Pad 8 [/VBUS_CHG] of U2 on F.Cu
[unconnected_items]: Missing connection between items
    Local override; error
    @(3.0000 mm, 44.4900 mm): Pad 2 [/I2C_SDA] of R4 on F.Cu
    @(5.2375 mm, 47.7500 mm): Pad 4 [/I2C_SDA] of U5 on F.Cu
[unconnected_items]: Missing connection between items
    Local override; error
    @(6.2500 mm, 19.6500 mm): Pad 9 [/I2C_SDA] of U1 on F.Cu
    @(3.0000 mm, 44.4900 mm): Pad 2 [/I2C_SDA] of R4 on F.Cu
[unconnected_items]: Missing connection between items
    Local override; error
    @(5.7500 mm, 46.2375 mm): Pad 12 [/ACCEL_INT1] of U5 on F.Cu
    @(6.2500 mm, 22.1900 mm): Pad 11 [/ACCEL_INT1] of U1 on F.Cu
[unconnected_items]: Missing connection between items
    Local override; error
    @(6.2500 mm, 26.0000 mm): Pad 14 [/USB_DP] of U1 on F.Cu
    @(14.7500 mm, 62.9550 mm): Pad A6 [/USB_DP] of J1 on F.Cu
[unconnected_items]: Missing connection between items
    Local override; error
    @(6.2500 mm, 24.7300 mm): Pad 13 [/USB_DM] of U1 on F.Cu
    @(15.2500 mm, 62.9550 mm): Pad A7 [/USB_DM] of J1 on F.Cu
[unconnected_items]: Missing connection between items
    Local override; error
    @(6.4900 mm, 66.0000 mm): Pad 1 [/CC2] of R9 on F.Cu
    @(16.7500 mm, 62.9550 mm): Pad B5 [/CC2] of J1 on F.Cu

** Found 0 Footprint errors **

** Ignored checks **
    - Footprint has no courtyard defined
    - Track endpoint not centered on via
    - Tuning profile track geometries
    - Footprint doesn't match symbol's footprint filters
    - Footprint component type doesn't match footprint pads

** End of Report **
